22:38:57 tjac: 22 cases since 2020
22:39:08 tjal: 87 cases since 2020
22:39:14 tjam: 148 cases since 2020
22:39:17 tjap: 11 cases since 2020
22:39:26 tjba: 82 cases since 2020
22:39:38 tjce: 120 cases since 2020
22:39:47 tjdft: 32 cases since 2020
22:39:56 tjes: 111 cases since 2020
22:40:25 tjgo: 1042 cases since 2020
22:40:35 tjma: 73 cases since 2020
22:41:04 tjmg: 658 cases since 2020
22:41:17 tjms: 139 cases since 2020
22:41:32 tjmt: 476 cases since 2020
22:41:40 tjpa: 101 cases since 2020
22:41:48 tjpb: 59 cases since 2020
22:42:10 tjpe: 247 cases since 2020
22:42:16 tjpi: 51 cases since 2020
22:42:50 tjpr: 494 cases since 2020
22:43:44 tjrj: 3188 cases since 2020
22:43:52 tjrn: 57 cases since 2020
22:44:01 tjro: 47 cases since 2020
22:44:05 tjrr: 3 cases since 2020
22:44:35 tjrs: 627 cases since 2020
22:44:46 tjsc: 386 cases since 2020
22:44:59 tjse: 20 cases since 2020
22:45:47 tjsp: 1653 cases since 2020
22:45:56 tjto: 87 cases since 2020
22:45:56 CASES DONE: 10021
