22:40:39 direct URLs downloaded: 57
22:40:47 [assistjud.com.br] pages=4 pdf_links=0 downloaded=0
22:40:48 [ajud-mm.s3.amazonaws.com] bucket keys=1000 pdf_cands=0 downloaded=0
22:40:50 [ajbrajalveiga.com.br] pages=1 pdf_links=0 downloaded=0
22:40:54 [aj1.com.br] pages=3 pdf_links=0 downloaded=0
22:41:02 [adjud.com.br] pages=1 pdf_links=0 downloaded=0
22:43:23 [cataliseaj.com.br] pages=83 pdf_links=284 downloaded=60
22:43:34 [vcpericia.com.br] pages=6 pdf_links=1 downloaded=1
22:43:34 [recuperacaojudicial.squarespace.com] pages=120 pdf_links=540 downloaded=60
22:43:43 [scalzilliaj.com.br] pages=120 pdf_links=411 downloaded=60
22:43:48 [diligence.adm.br] pages=50 pdf_links=225 downloaded=60
22:43:50 [bernardobicalho.com.br] pages=0 pdf_links=0 downloaded=0
22:43:57 [administradorajudicialgs.com.br] pages=69 pdf_links=180 downloaded=60
22:44:07 [lrflideres.com.br] pages=81 pdf_links=291 downloaded=60
22:44:28 [bugarimecoelho.com.br] pages=1 pdf_links=40 downloaded=40
22:44:30 [reestruturaaj.com.br] pages=0 pdf_links=0 downloaded=0
22:44:49 [vivanteaj.com.br] pages=24 pdf_links=49 downloaded=44
22:46:05 [marquesadmjudicial.com.br] pages=105 pdf_links=600 downloaded=60
22:46:14 [vtladm.com.br] pages=23 pdf_links=60 downloaded=60
22:46:16 [mmradvempresarial.com.br] pages=0 pdf_links=0 downloaded=0
22:46:19 [preservacred.com.br] pages=31 pdf_links=0 downloaded=0
22:46:19 [ricardobiancardi.com.br] pages=6 pdf_links=6 downloaded=6
22:46:40 [ajcabezon.com.br] pages=22 pdf_links=5 downloaded=0
22:46:49 [csh.adv.br] pages=4 pdf_links=0 downloaded=0
22:47:14 [mpbadmjudicial.com.br] pages=52 pdf_links=9 downloaded=8
22:47:18 [estevezguarda.com.br] pages=0 pdf_links=0 downloaded=0
22:47:29 [stenius.com.br] pages=22 pdf_links=26 downloaded=26
22:47:50 [realbrasil.com.br] pages=64 pdf_links=222 downloaded=60
22:48:58 [compassojudicial.com.br] pages=120 pdf_links=0 downloaded=0
22:49:18 [inova-aj.com.br] pages=50 pdf_links=194 downloaded=60
22:49:42 [rlg-aj.com.br] pages=34 pdf_links=111 downloaded=60
22:49:57 [gatekeeperaj.com.br] pages=5 pdf_links=274 downloaded=60
22:50:09 [credibilita.com.br] pages=32 pdf_links=171 downloaded=39
22:50:11 [fpsaj.com.br] pages=1 pdf_links=0 downloaded=0
22:50:13 [trusteeaj.com.br] pages=0 pdf_links=0 downloaded=0
22:50:14 [acfb.com.br] pages=29 pdf_links=8 downloaded=8
22:50:18 [karenrosa.adv.br] pages=0 pdf_links=0 downloaded=0
22:50:44 [cb2d.com.br] pages=120 pdf_links=352 downloaded=60
22:50:44 [valorizejudicial.nyc3.digitaloceanspaces.com] bucket listing failed
22:50:59 [bbsadvogados.com.br] pages=15 pdf_links=19 downloaded=19
22:51:13 [ajruiz.com.br] pages=12 pdf_links=763 downloaded=60
22:51:21 [recuperasolucoes.com] pages=16 pdf_links=18 downloaded=18
22:51:27 [ativosajce.com.br] pages=76 pdf_links=282 downloaded=60
22:56:43 [brasiltrustee.com.br] pages=9 pdf_links=672 downloaded=50
22:56:43 HARVEST DONE: 1159 documents from 43 domains
