23:47:42 run 20260903T230425Z-e7c9a7
23:47:43 reingest: dropped 751 documents from run 20260903T230425Z-e7c9a7 for re-extraction
23:47:51   [1/751] lrflideres.com.br UNKNOWN     OK_NO_TOTALS  rows=610  TABLE/TABLE_RULED case=0000742-29.2017.8.17.3090 p=23
23:47:51   [2/751] lrflideres.com.br UNKNOWN     QUARANTINED   rows=1    TABLE/TABLE_BANDS case=0000742-29.2017.8.17.3090 p=31
23:47:51   [3/751] lrflideres.com.br UNKNOWN     OK            rows=80   TABLE/TABLE_RULED case=0000206-69.2013.8.17.1340 p=3
23:47:51   [4/751] lrflideres.com.br UNKNOWN     OK            rows=2    TABLE/TABLE_RULED case=0000206-69.2013.8.17.1340 p=1
23:47:51   [5/751] lrflideres.com.br UNKNOWN     OK            rows=133  TABLE/TABLE_RULED case=0000206-69.2013.8.17.1340 p=4
23:47:51   [6/751] bernardobicalho.com.br UNKNOWN     OK_NO_TOTALS  rows=9    TABLE/TABLE_BANDS case=3289322-33.2013.8.13.0024 p=8
23:47:51   [7/751] bernardobicalho.com.br AJ_LIST     OK            rows=101  TABLE/TABLE_RULED case=None p=4
23:47:51   [8/751] recuperacaojudicial.squarespace.com AJ_LIST     OK            rows=45   TABLE/TABLE_RULED case=0800778-16.2023.8.20.5104 p=8
23:47:51   [9/751] 3fmodas.madgav.com.br QGC         OK_NO_TOTALS  rows=8    TABLE/TABLE_RULED case=5315944-66.2023.8.13.0024 p=12
23:47:51   [10/751] administradorajudicialgs.com.br QGC         OK_NO_TOTALS  rows=196  PROSE/PROSE case=0301015-33.2016.8.24.0031 p=4
23:47:51   [11/751] ajbrajalveiga.com.br AJ_LIST     OK_NO_TOTALS  rows=95   TABLE/TABLE_BANDS case=0652260-87.2018.8.04.0001 p=7
23:47:51   [12/751] arquivos.integrawebsites.com.br UNKNOWN     QUARANTINED   rows=123  TABLE/TABLE_RULED case=5281407-42.2021.8.09.0051 p=6
23:47:51   [13/751] assistjud.com.br AJ_LIST     OK_NO_TOTALS  rows=199  TABLE/TABLE_RULED case=8005129-09.2023.8.05.0039 p=23
23:47:51   [14/751] bbsadvogados.com.br DEBTOR_LIST OK_NO_TOTALS  rows=25   PROSE/PROSE case=5028800-87.2023.8.24.0038 p=2
23:47:51   [15/751] brasiltrustee.com.br QGC         NO_ROWS       rows=0    TABLE/TABLE_BANDS case=1102669-23.2014.8.26.0100 p=2
23:47:51   [16/751] bugarimecoelho.com.br QGC         QUARANTINED   rows=7    TABLE/TABLE_BANDS case=0214287-36.2023.8.06.0001 p=3
23:47:51   [17/751] cdn.dol.com.br AJ_LIST     QUARANTINED   rows=146  PROSE/PROSE case=0820780-23.2026.8.14.0301 p=4
23:47:51   [18/751] credibilita.com.br AJ_LIST     NO_ROWS       rows=0    TABLE/TABLE_BANDS case=0001217-89.2020.8.16.0185 p=3
23:47:51   [19/751] csh.adv.br DEBTOR_LIST QUARANTINED   rows=8    TABLE/TABLE_BANDS case=0871065-72.2024.8.12.0001 p=4
23:47:59   [20/751] diario.tjrr.jus.br UNKNOWN     OK_NO_TOTALS  rows=73   TABLE/TABLE_BANDS case=None p=81
23:48:05   [21/751] diario.tjrr.jus.br UNKNOWN     OK_NO_TOTALS  rows=118  TABLE/TABLE_RULED case=None p=120
23:48:05   [22/751] diligence.adm.br UNKNOWN     NO_TEXT_LAYER rows=0    NONE/ case=None p=10
23:48:05   [23/751] diligence.adm.br QGC         OK_NO_TOTALS  rows=93   PROSE/PROSE case=0010173-64.2023.8.17.2480 p=4
23:48:05   [24/751] diligence.adm.br DEBTOR_LIST OK            rows=143  PROSE/PROSE case=0008526-45.2025.8.17.2001 p=7
23:48:05   [25/751] gatekeeperaj.com.br QGC         NO_ROWS       rows=0    TABLE/TABLE_BANDS case=0074372-48.1999.8.26.0100 p=2
23:48:05   [26/751] inova-aj.com.br QGC         OK            rows=16   TABLE/TABLE_RULED case=0022066-39.2018.8.19.0001 p=1
23:48:05   [27/751] lrflideres.com.br AJ_LIST     OK            rows=150  PROSE/PROSE case=0829315-43.2023.8.15.0001 p=3
23:48:05   [28/751] lrflideres.com.br DEBTOR_LIST OK_NO_TOTALS  rows=2    TABLE/TABLE_BANDS case=0019289-97.2025.8.06.0001 p=8
23:48:05   [29/751] lrflideres.com.br AJ_LIST     OK            rows=27   PROSE/PROSE case=0804401-51.2025.8.14.0039 p=2
23:48:05   [30/751] lrflideres.com.br DEBTOR_LIST OK_NO_TOTALS  rows=4    TABLE/TABLE_BANDS case=0037082-72.2016.8.17.2001 p=6
23:48:05   [31/751] lrflideres.com.br UNKNOWN     OK_NO_TOTALS  rows=78   TABLE/TABLE_RULED case=0003283-70.2015.8.17.2810 p=11
23:48:05   [32/751] lrflideres.com.br AJ_LIST     NO_ROWS       rows=0    PROSE/PROSE case=0818837-44.2021.8.15.0001 p=2
23:48:05   [33/751] lrflideres.com.br DEBTOR_LIST OK_NO_TOTALS  rows=3    TABLE/TABLE_BANDS case=0000869-62.2019.8.17.2001 p=6
23:48:05   [34/751] lrflideres.com.br AJ_LIST     OK            rows=40   PROSE/PROSE case=0804204-35.2022.8.15.0731 p=2
23:48:05   [35/751] lrflideres.com.br AJ_LIST     OK            rows=92   PROSE/PROSE case=0824037-95.2022.8.15.0001 p=3
23:48:08   [36/751] lrflideres.com.br AJ_LIST     OK            rows=313  PROSE/PROSE case=0829315-43.2023.8.15.0001 p=22
23:48:08   [37/751] lrflideres.com.br DEBTOR_LIST OK_NO_TOTALS  rows=1    TABLE/TABLE_BANDS case=0212099-02.2025.8.06.0001 p=5
23:48:08   [38/751] lrflideres.com.br UNKNOWN     OK_NO_TOTALS  rows=5    TABLE/TABLE_BANDS case=0802656-15.2026.8.18.0031 p=33
23:48:08   [39/751] realbrasil.com.br QGC         QUARANTINED   rows=14   TABLE/TABLE_BANDS case=0016474-19.2022.8.03.0001 p=24
23:48:08   [40/751] recuperacaojudicial.servi-san.com.br AJ_LIST     NO_ROWS       rows=0    TABLE/TABLE_BANDS case=0808677-83.2017.8.18.0140 p=2
23:48:08   [41/751] recuperacaojudicial.squarespace.com AJ_LIST     QUARANTINED   rows=67   PROSE/PROSE case=0706250-76.2020.8.02.0001 p=3
23:48:08   [42/751] recuperacaojudicial.squarespace.com AJ_LIST     QUARANTINED   rows=28   TABLE/TABLE_RULED case=0705602-96.2020.8.02.0001 p=30
23:48:08   [43/751] recuperacaojudicial.squarespace.com UNKNOWN     OK_NO_TOTALS  rows=1    TABLE/TABLE_BANDS case=0802299-53.2019.8.20.5001 p=7
23:48:08   [44/751] recuperacaojudicial.squarespace.com AJ_LIST     OK_NO_TOTALS  rows=180  PROSE/PROSE case=0000407-22.2008.8.02.0025 p=9
23:48:08   [45/751] recuperacaojudicial.squarespace.com AJ_LIST     OK_NO_TOTALS  rows=46   PROSE/PROSE case=0030621-63.2011.8.02.0001 p=3
23:48:08   [46/751] ricardobiancardi.com.br QGC         QUARANTINED   rows=3    TABLE/TABLE_BANDS case=1056931-09.1998.8.08.0024 p=2
23:48:08   [47/751] rlg-aj.com.br QGC         OK_NO_TOTALS  rows=1    TABLE/TABLE_BANDS case=5001743-15.2025.8.08.0024 p=2
23:48:08   [48/751] s.cholet.com.br AJ_LIST     OK_NO_TOTALS  rows=3    TABLE/TABLE_BANDS case=0260100-52.2024.8.06.0001 p=9
23:48:08   [49/751] stenius.com.br DEBTOR_LIST OK_NO_TOTALS  rows=3    TABLE/TABLE_BANDS case=5671108-67.2023.8.09.0051 p=12
23:48:08   [50/751] valorizejudicial.nyc3.digitaloceanspaces.com AJ_LIST     NO_ROWS       rows=2    TABLE/TABLE_BANDS case=None p=1
23:48:08   [51/751] vivanteaj.com.br UNKNOWN     OK_NO_TOTALS  rows=61   TABLE/TABLE_BANDS case=0824184-31.2016.8.20.5001 p=11
23:48:08   [52/751] vivanteaj.com.br DEBTOR_LIST QUARANTINED   rows=112  PROSE/PROSE case=0807423-41.2024.8.20.5001 p=5
23:48:09   [53/751] vivanteaj.com.br QGC         OK            rows=254  TABLE/TABLE_RULED case=None p=6
23:48:09   [54/751] vtladm.com.br QGC         OK_NO_TOTALS  rows=6    PROSE/PROSE case=0704506-58.2023.8.07.0015 p=1
23:48:09   [55/751] bugarimecoelho.com.br QGC         OK_NO_TOTALS  rows=3    TABLE/TABLE_RULED case=0276159-86.2022.8.06.0001 p=2
23:48:11   [56/751] cb2d.com.br DEBTOR_LIST OK_NO_TOTALS  rows=1    TABLE/TABLE_BANDS case=5000908-96.2025.8.24.0536 p=12
23:48:11   [57/751] karenrosa.adv.br UNKNOWN     NO_TEXT_LAYER rows=0    NONE/ case=None p=6
23:48:11   [58/751] tjdft.jus.br AJ_LIST     OK_NO_TOTALS  rows=2    TABLE/TABLE_BANDS case=0729900-93.2025.8.07.0016 p=16
23:48:11   [59/751] tjdft.jus.br UNKNOWN     OK_NO_TOTALS  rows=3    TABLE/TABLE_BANDS case=5746053-87.2025.8.09.0137 p=16
23:48:11   [60/751] vcpericia.com.br AJ_LIST     OK_NO_TOTALS  rows=5    PROSE/PROSE case=0803277-80.2020.8.12.0001 p=2
23:48:11   [61/751] vcpericia.com.br AJ_LIST     OK_NO_TOTALS  rows=52   PROSE/PROSE case=0829810-08.2022.8.12.0001 p=6
23:48:11   [62/751] vcpericia.com.br AJ_LIST     OK_NO_TOTALS  rows=37   PROSE/PROSE case=0813265-83.2024.8.12.0002 p=6
23:48:14   [63/751] diligence.adm.br AJ_LIST     OK_NO_TOTALS  rows=208  TABLE/TABLE_RULED case=0002316-40.2012.8.17.0220 p=26
23:48:14   [64/751] diligence.adm.br UNKNOWN     OK_NO_TOTALS  rows=139  TABLE/TABLE_RULED case=0002316-40.2012.8.17.0220 p=12
23:48:14   [65/751] diligence.adm.br UNKNOWN     NO_TEXT_LAYER rows=0    NONE/ case=0108923-15.2025.8.17.2001 p=0
23:48:14   [66/751] cataliseaj.com.br UNKNOWN     OK_NO_TOTALS  rows=359  TABLE/TABLE_BANDS case=5045407-81.2020.8.21.0001 p=21
23:48:14   [67/751] cataliseaj.com.br QGC         OK_NO_TOTALS  rows=176  TABLE/TABLE_RULED case=5045407-81.2020.8.21.0001 p=10
23:48:14   [68/751] cataliseaj.com.br QGC         OK_NO_TOTALS  rows=4    TABLE/TABLE_BANDS case=5073632-14.2020.8.21.0001 p=1
23:48:15   [69/751] diligence.adm.br DEBTOR_LIST OK            rows=788  PROSE/PROSE case=0108923-15.2025.8.17.2001 p=16
23:48:15   [70/751] cataliseaj.com.br UNKNOWN     NO_TEXT_LAYER rows=0    NONE/ case=None p=10
23:48:15   [71/751] cataliseaj.com.br UNKNOWN     NO_TEXT_LAYER rows=0    NONE/ case=None p=5
23:48:19   [72/751] diligence.adm.br DEBTOR_LIST QUARANTINED   rows=761  PROSE/PROSE case=0108923-15.2025.8.17.2001 p=14
23:48:19   [73/751] cataliseaj.com.br QGC         OK_NO_TOTALS  rows=147  PROSE/PROSE case=5087077-02.2020.8.21.0001 p=3
23:48:19   [74/751] cataliseaj.com.br QGC         NO_ROWS       rows=3    TABLE/TABLE_BANDS case=5087077-02.2020.8.21.0001 p=1
23:48:20   [75/751] diligence.adm.br AJ_LIST     OK_NO_TOTALS  rows=22   PROSE/PROSE case=0108923-15.2025.8.17.2001 p=39
23:48:20   [76/751] cataliseaj.com.br QGC         OK_NO_TOTALS  rows=144  PROSE/PROSE case=5087077-02.2020.8.21.0001 p=2
23:48:20   [77/751] diligence.adm.br UNKNOWN     OK            rows=519  PROSE/PROSE case=0108923-15.2025.8.17.2001 p=12
23:48:20   [78/751] cataliseaj.com.br AJ_LIST     OK_NO_TOTALS  rows=78   PROSE/PROSE case=5087077-02.2020.8.21.0001 p=2
23:48:20   [79/751] cataliseaj.com.br AJ_LIST     NO_ROWS       rows=7    TABLE/TABLE_BANDS case=5087077-02.2020.8.21.0001 p=2
23:48:20   [80/751] diligence.adm.br AJ_LIST     QUARANTINED   rows=503  PROSE/PROSE case=0108923-15.2025.8.17.2001 p=9
23:48:20   [81/751] diligence.adm.br AJ_LIST     OK_NO_TOTALS  rows=1    TABLE/TABLE_BANDS case=0012922-23.2003.8.17.0001 p=4
23:48:20   [82/751] diligence.adm.br AJ_LIST     OK_NO_TOTALS  rows=1    TABLE/TABLE_BANDS case=0012922-23.2003.8.17.0001 p=2
23:48:20   [83/751] recuperacaojudicial.squarespace.com UNKNOWN     OK_NO_TOTALS  rows=97   TABLE/TABLE_BANDS case=0034582-54.1995.8.17.0001 p=9
23:48:20   [84/751] diligence.adm.br QGC         OK_NO_TOTALS  rows=109  PROSE/PROSE case=0000206-72.2017.8.17.2490 p=5
23:48:36   [85/751] recuperacaojudicial.squarespace.com QGC         OK_NO_TOTALS  rows=8009 TABLE/TABLE_BANDS case=0034582-54.1995.8.17.0001 p=189
23:48:36   [86/751] cataliseaj.com.br UNKNOWN     NO_TEXT_LAYER rows=0    NONE/ case=5009474-18.2019.8.21.0022 p=10
23:48:36   [87/751] diligence.adm.br AJ_LIST     QUARANTINED   rows=113  TABLE/TABLE_RULED case=0000206-72.2017.8.17.2490 p=8
23:48:36   [88/751] cataliseaj.com.br UNKNOWN     OK_NO_TOTALS  rows=104  TABLE/TABLE_RULED case=0020265-79.2017.5.04.0102 p=3
23:48:36   [89/751] cataliseaj.com.br AJ_LIST     QUARANTINED   rows=245  TABLE/TABLE_BANDS case=5009474-18.2019.8.21.0022 p=19
23:48:36   [90/751] diligence.adm.br AJ_LIST     OK_NO_TOTALS  rows=101  PROSE/PROSE case=0000206-72.2017.8.17.2490 p=3
23:48:36   [91/751] cataliseaj.com.br UNKNOWN     OK_NO_TOTALS  rows=5    TABLE/TABLE_BANDS case=5009367-03.2021.8.21.0022 p=1
23:48:36   [92/751] scalzilliaj.com.br AJ_LIST     OK_NO_TOTALS  rows=10   TABLE/TABLE_BANDS case=0041329-20.2011.8.21.0010 p=2
23:49:15   [93/751] recuperacaojudicial.squarespace.com ERROR WORKER_EXIT_1: MemoryError
23:49:15   [94/751] diligence.adm.br UNKNOWN     OK_NO_TOTALS  rows=201  TABLE/TABLE_RULED case=0000880-57.2020.8.17.2001 p=4
23:49:15   [95/751] recuperacaojudicial.squarespace.com UNKNOWN     OK_NO_TOTALS  rows=1    TABLE/TABLE_BANDS case=0034582-54.1995.8.17.0001 p=3
23:49:15   [96/751] diligence.adm.br UNKNOWN     OK_NO_TOTALS  rows=81   TABLE/TABLE_RULED case=0000880-57.2020.8.17.2001 p=2
23:49:15   [97/751] cataliseaj.com.br UNKNOWN     NO_TEXT_LAYER rows=0    NONE/ case=0000312-16.2008.8.24.0013 p=4
23:49:15   [98/751] scalzilliaj.com.br UNKNOWN     OK_NO_TOTALS  rows=805  TABLE/TABLE_BANDS case=None p=48
23:49:15   [99/751] recuperacaojudicial.squarespace.com UNKNOWN     OK_NO_TOTALS  rows=1    PROSE/PROSE case=0034582-54.1995.8.17.0001 p=2
23:49:15   [100/751] diligence.adm.br AJ_LIST     OK_NO_TOTALS  rows=38   TABLE/TABLE_BANDS case=0000880-57.2020.8.17.2001 p=1
23:49:15   [101/751] cataliseaj.com.br UNKNOWN     OK_NO_TOTALS  rows=128  TABLE/TABLE_RULED case=5003572-94.2020.8.21.0072 p=7
23:49:15   [102/751] scalzilliaj.com.br UNKNOWN     OK_NO_TOTALS  rows=870  TABLE/TABLE_RULED case=5001625-18.2022.8.24.0018 p=16
23:49:15   [103/751] cataliseaj.com.br QGC         OK_NO_TOTALS  rows=122  PROSE/PROSE case=5003572-94.2020.8.21.0072 p=3
23:49:15   [104/751] recuperacaojudicial.squarespace.com DEBTOR_LIST OK_NO_TOTALS  rows=5    PROSE/PROSE case=0700087-51.2020.8.02.0043 p=5
23:49:15   [105/751] recuperacaojudicial.squarespace.com AJ_LIST     QUARANTINED   rows=15   TABLE/TABLE_RULED case=0700087-51.2020.8.02.0043 p=10
23:49:15   [106/751] scalzilliaj.com.br QGC         OK_NO_TOTALS  rows=868  TABLE/TABLE_RULED case=5001625-18.2022.8.24.0018 p=30
23:49:15   [107/751] cataliseaj.com.br UNKNOWN     OK_NO_TOTALS  rows=9    TABLE/TABLE_BANDS case=5245072-73.2023.8.21.0001 p=2
23:49:15   [108/751] diligence.adm.br DEBTOR_LIST OK_NO_TOTALS  rows=233  PROSE/PROSE case=0000880-57.2020.8.17.2001 p=6
23:49:15   [109/751] scalzilliaj.com.br QGC         OK_NO_TOTALS  rows=818  TABLE/TABLE_RULED case=5001625-18.2022.8.24.0018 p=29
23:49:15   [110/751] cataliseaj.com.br AJ_LIST     OK_NO_TOTALS  rows=5    TABLE/TABLE_BANDS case=5240968-38.2023.8.21.0001 p=2
23:49:15   [111/751] recuperacaojudicial.squarespace.com AJ_LIST     QUARANTINED   rows=6    PROSE/PROSE case=0700087-51.2020.8.02.0043 p=3
23:49:15   [112/751] lrflideres.com.br UNKNOWN     OK_NO_TOTALS  rows=1    PROSE/PROSE case=0000206-69.2013.8.17.1340 p=3
23:49:15   [113/751] cataliseaj.com.br DEBTOR_LIST OK_NO_TOTALS  rows=271  TABLE/TABLE_BANDS case=5009671-74.2022.8.21.0019 p=7
23:49:15   [114/751] diligence.adm.br AJ_LIST     OK_NO_TOTALS  rows=313  TABLE/TABLE_RULED case=0000880-57.2020.8.17.2001 p=12
23:49:15   [115/751] recuperacaojudicial.squarespace.com AJ_LIST     OK            rows=8    TABLE/TABLE_RULED case=0700087-51.2020.8.02.0043 p=4
23:49:15   [116/751] scalzilliaj.com.br AJ_LIST     OK_NO_TOTALS  rows=2065 PROSE/PROSE case=5012306-16.2022.8.21.0023 p=31
23:49:15   [117/751] lrflideres.com.br AJ_LIST     OK            rows=121  PROSE/PROSE case=0062771-12.2013.8.17.0001 p=2
23:49:15   [118/751] cataliseaj.com.br DEBTOR_LIST OK_NO_TOTALS  rows=118  TABLE/TABLE_RULED case=5011460-87.2023.8.24.0020 p=4
23:49:15   [119/751] recuperacaojudicial.squarespace.com DEBTOR_LIST QUARANTINED   rows=5    PROSE/PROSE case=0720420-24.2018.8.02.0001 p=3
23:49:15   [120/751] scalzilliaj.com.br AJ_LIST     OK_NO_TOTALS  rows=2051 PROSE/PROSE case=5012306-16.2022.8.21.0023 p=34
23:49:15   [121/751] recuperacaojudicial.squarespace.com AJ_LIST     QUARANTINED   rows=272  PROSE/PROSE case=0730042-64.2017.8.02.0001 p=3
23:49:15   [122/751] cataliseaj.com.br QGC         NO_ROWS       rows=11   TABLE/TABLE_BANDS case=5045407-81.2020.8.21.0001 p=4
23:49:15   [123/751] diligence.adm.br AJ_LIST     OK_NO_TOTALS  rows=317  TABLE/TABLE_RULED case=0000880-57.2020.8.17.2001 p=13
23:49:15   [124/751] lrflideres.com.br AJ_LIST     OK            rows=121  PROSE/PROSE case=0062771-12.2013.8.17.0001 p=2
23:49:15   [125/751] scalzilliaj.com.br AJ_LIST     OK_NO_TOTALS  rows=181  PROSE/PROSE case=5009901-48.2024.8.21.0019 p=5
23:49:15   [126/751] recuperacaojudicial.squarespace.com QGC         QUARANTINED   rows=331  TABLE/TABLE_RULED case=0720420-24.2018.8.02.0001 p=9
23:49:15   [127/751] cataliseaj.com.br QGC         OK_NO_TOTALS  rows=8    TABLE/TABLE_BANDS case=5045407-81.2020.8.21.0001 p=3
23:49:15   [128/751] diligence.adm.br AJ_LIST     OK_NO_TOTALS  rows=307  PROSE/PROSE case=0000880-57.2020.8.17.2001 p=6
23:49:15   [129/751] cataliseaj.com.br QGC         NO_ROWS       rows=9    TABLE/TABLE_BANDS case=5073632-14.2020.8.21.0001 p=4
23:49:16   [130/751] scalzilliaj.com.br UNKNOWN     NO_TEXT_LAYER rows=0    NONE/ case=0301621-43.2016.8.24.0037 p=4
23:49:16   [131/751] lrflideres.com.br UNKNOWN     OK_NO_TOTALS  rows=131  TABLE/TABLE_RULED case=0062771-12.2013.8.17.0001 p=5
23:49:16   [132/751] recuperacaojudicial.squarespace.com UNKNOWN     NO_ROWS       rows=0    TABLE/TABLE_BANDS case=0720699-10.2018.8.02.0001 p=5
23:49:16   [133/751] scalzilliaj.com.br UNKNOWN     NO_ROWS       rows=0    TABLE/TABLE_BANDS case=0301621-43.2016.8.24.0037 p=2
23:49:16   [134/751] cataliseaj.com.br QGC         OK_NO_TOTALS  rows=11   TABLE/TABLE_BANDS case=5006054-94.2026.8.21.0010 p=4
23:49:16   [135/751] scalzilliaj.com.br AJ_LIST     OK_NO_TOTALS  rows=52   PROSE/PROSE case=0042540-21.2012.8.21.0022 p=2
23:49:16   [136/751] lrflideres.com.br UNKNOWN     OK_NO_TOTALS  rows=1    TABLE/TABLE_BANDS case=0062771-12.2013.8.17.0001 p=8
23:49:38   [137/751] diligence.adm.br AJ_LIST     QUARANTINED   rows=66   TABLE/TABLE_BANDS case=0026172-78.2019.8.17.2001 p=15
23:49:38   [138/751] recuperacaojudicial.squarespace.com AJ_LIST     QUARANTINED   rows=13   PROSE/PROSE case=0720699-10.2018.8.02.0001 p=52
23:49:38   [139/751] cataliseaj.com.br AJ_LIST     NO_ROWS       rows=14   TABLE/TABLE_BANDS case=5032419-57.2023.8.21.0022 p=6
23:49:38   [140/751] scalzilliaj.com.br QGC         OK_NO_TOTALS  rows=34   PROSE/PROSE case=5012295-78.2023.8.24.0019 p=2
23:49:38   [141/751] cataliseaj.com.br AJ_LIST     OK_NO_TOTALS  rows=3    TABLE/TABLE_BANDS case=5036084-50.2024.8.21.0021 p=9
23:49:38   [142/751] recuperacaojudicial.squarespace.com UNKNOWN     NO_ROWS       rows=0    TABLE/TABLE_BANDS case=0720699-10.2018.8.02.0001 p=4
23:49:38   [143/751] lrflideres.com.br DEBTOR_LIST OK_NO_TOTALS  rows=1    TABLE/TABLE_BANDS case=0034714-90.2016.8.17.2001 p=4
23:49:38   [144/751] scalzilliaj.com.br AJ_LIST     OK_NO_TOTALS  rows=248  PROSE/PROSE case=0028131-73.2024.8.16.0017 p=2
23:50:12   [145/751] diligence.adm.br ERROR WORKER_EXIT_1: pdfplumber.utils.exceptions.PdfminerException: Unable to allocate output buffer.
23:50:12   [146/751] cataliseaj.com.br AJ_LIST     OK_NO_TOTALS  rows=12   TABLE/TABLE_BANDS case=5003861-41.2023.8.21.0001 p=4
23:50:12   [147/751] recuperacaojudicial.squarespace.com QGC         QUARANTINED   rows=22   PROSE/PROSE case=0705411-79.2017.8.02.0058 p=7
23:50:12   [148/751] cataliseaj.com.br UNKNOWN     NO_TEXT_LAYER rows=0    NONE/ case=None p=3
23:50:12   [149/751] scalzilliaj.com.br UNKNOWN     QUARANTINED   rows=1469 TABLE/TABLE_BANDS case=0804074-43.2026.8.12.0002 p=43
23:50:12   [150/751] lrflideres.com.br AJ_LIST     OK            rows=1    TABLE/TABLE_BANDS case=0034714-90.2016.8.17.2001 p=6
23:50:12   [151/751] recuperacaojudicial.squarespace.com AJ_LIST     QUARANTINED   rows=17   TABLE/TABLE_RULED case=0705411-79.2017.8.02.0058 p=12
23:50:12   [152/751] diligence.adm.br AJ_LIST     OK_NO_TOTALS  rows=21   TABLE/TABLE_RULED case=0032731-52.2010.8.17.0001 p=8
23:50:12   [153/751] cataliseaj.com.br AJ_LIST     NO_ROWS       rows=12   TABLE/TABLE_BANDS case=5082193-22.2023.8.21.0001 p=4
23:50:12   [154/751] scalzilliaj.com.br AJ_LIST     NO_ROWS       rows=5    TABLE/TABLE_BANDS case=5002620-23.2025.8.24.0019 p=5
23:50:12   [155/751] lrflideres.com.br AJ_LIST     OK_NO_TOTALS  rows=1    TABLE/TABLE_BANDS case=0034714-90.2016.8.17.2001 p=3
23:50:12   [156/751] scalzilliaj.com.br UNKNOWN     OK_NO_TOTALS  rows=13   PROSE/PROSE case=1021191-85.2025.8.11.0015 p=11
23:50:12   [157/751] cataliseaj.com.br QGC         NO_ROWS       rows=10   TABLE/TABLE_BANDS case=5087077-02.2020.8.21.0001 p=4
23:50:12   [158/751] recuperacaojudicial.squarespace.com AJ_LIST     QUARANTINED   rows=3    PROSE/PROSE case=0705411-79.2017.8.02.0058 p=1
23:50:12   [159/751] diligence.adm.br UNKNOWN     OK_NO_TOTALS  rows=17   PROSE/PROSE case=0032731-52.2010.8.17.0001 p=6
23:50:12   [160/751] scalzilliaj.com.br QGC         NO_ROWS       rows=0    TABLE/TABLE_BANDS case=5038430-81.2024.8.24.0023 p=4
23:50:12   [161/751] recuperacaojudicial.squarespace.com DEBTOR_LIST QUARANTINED   rows=491  PROSE/PROSE case=0700256-03.2019.8.02.0066 p=4
23:50:12   [162/751] lrflideres.com.br AJ_LIST     NO_ROWS       rows=0    TABLE/TABLE_BANDS case=1001765-57.2024.8.26.0451 p=3
23:50:12   [163/751] cataliseaj.com.br UNKNOWN     NO_TEXT_LAYER rows=0    NONE/ case=5178617-63.2022.8.21.0001 p=8
23:50:12   [164/751] recuperacaojudicial.squarespace.com AJ_LIST     OK_NO_TOTALS  rows=442  TABLE/TABLE_BANDS case=0700256-03.2019.8.02.0066 p=13
23:50:12   [165/751] scalzilliaj.com.br DEBTOR_LIST OK            rows=831  TABLE/TABLE_RULED case=0000472-94.2012.5.06.0193 p=93
23:50:12   [166/751] diligence.adm.br UNKNOWN     OK_NO_TOTALS  rows=61   TABLE/TABLE_RULED case=0032731-52.2010.8.17.0001 p=20
23:50:12   [167/751] cataliseaj.com.br UNKNOWN     NO_TEXT_LAYER rows=0    NONE/ case=5297011-58.2024.8.21.0001 p=4
23:50:12   [168/751] recuperacaojudicial.squarespace.com AJ_LIST     OK_NO_TOTALS  rows=570  TABLE/TABLE_RULED case=0700256-03.2019.8.02.0066 p=12
23:50:12   [169/751] lrflideres.com.br UNKNOWN     OK_NO_TOTALS  rows=2    TABLE/TABLE_BANDS case=0837278-92.2018.8.15.2001 p=13
23:50:12   [170/751] scalzilliaj.com.br UNKNOWN     OK_NO_TOTALS  rows=4    TABLE/TABLE_BANDS case=5088952-81.2025.8.13.0024 p=5
23:50:12   [171/751] diligence.adm.br AJ_LIST     OK_NO_TOTALS  rows=7    PROSE/PROSE case=0009914-62.2008.8.17.0001 p=3
23:50:12   [172/751] scalzilliaj.com.br UNKNOWN     OK_NO_TOTALS  rows=48   TABLE/TABLE_RULED case=5011369-81.2026.8.09.0093 p=5
23:50:12   [173/751] recuperacaojudicial.squarespace.com UNKNOWN     QUARANTINED   rows=26   TABLE/TABLE_BANDS case=0700707-87.2025.8.02.0043 p=1
23:50:12   [174/751] cataliseaj.com.br UNKNOWN     NO_TEXT_LAYER rows=0    NONE/ case=5009474-18.2019.8.21.0022 p=150
23:50:12   [175/751] lrflideres.com.br UNKNOWN     OK            rows=753  TABLE/TABLE_RULED case=0837278-92.2018.8.15.2001 p=23
23:50:12   [176/751] scalzilliaj.com.br AJ_LIST     OK_NO_TOTALS  rows=7    TABLE/TABLE_BANDS case=0001021-69.2017.8.21.0126 p=1
23:50:32   [177/751] administradorajudicialgs.com.br AJ_LIST     OK_NO_TOTALS  rows=31   PROSE/PROSE case=0000436-69.2024.5.09.0671 p=36
23:50:32   [178/751] diligence.adm.br DEBTOR_LIST OK_NO_TOTALS  rows=125  PROSE/PROSE case=0051989-19.2008.8.17.0001 p=3
23:50:32   [179/751] recuperacaojudicial.squarespace.com DEBTOR_LIST OK_NO_TOTALS  rows=3    TABLE/TABLE_BANDS case=0700707-87.2025.8.02.0043 p=5
23:50:32   [180/751] scalzilliaj.com.br QGC         OK_NO_TOTALS  rows=66   PROSE/PROSE case=1001917-20.2026.8.13.0024 p=5
23:50:32   [181/751] recuperacaojudicial.squarespace.com DEBTOR_LIST QUARANTINED   rows=5    TABLE/TABLE_BANDS case=0700707-87.2025.8.02.0043 p=3
23:50:32   [182/751] lrflideres.com.br UNKNOWN     OK_NO_TOTALS  rows=1    TABLE/TABLE_BANDS case=0837278-92.2018.8.15.2001 p=12
23:50:37   [183/751] administradorajudicialgs.com.br UNKNOWN     NO_ROWS       rows=0    TABLE/TABLE_BANDS case=0026395-77.2025.8.16.0019 p=3
23:50:37   [184/751] diligence.adm.br UNKNOWN     OK_NO_TOTALS  rows=1    TABLE/TABLE_BANDS case=0032030-18.2015.8.17.0001 p=9
23:50:37   [185/751] scalzilliaj.com.br AJ_LIST     NO_ROWS       rows=388  TABLE/TABLE_BANDS case=5008828-91.2023.8.24.0019 p=12
23:50:37   [186/751] cataliseaj.com.br UNKNOWN     NO_TEXT_LAYER rows=0    NONE/ case=5009474-18.2019.8.21.0022 p=148
23:50:37   [187/751] recuperacaojudicial.squarespace.com AJ_LIST     QUARANTINED   rows=10   PROSE/PROSE case=0700707-87.2025.8.02.0043 p=33
23:51:48   [188/751] administradorajudicialgs.com.br ERROR WORKER_EXIT_1: <built-in function unraisablehook>
23:51:48   [189/751] lrflideres.com.br QGC         OK_NO_TOTALS  rows=917  PROSE/PROSE case=0067168-21.2019.8.17.2001 p=7
23:51:48   [190/751] scalzilliaj.com.br AJ_LIST     OK_NO_TOTALS  rows=1156 PROSE/PROSE case=5008261-83.2019.8.21.0019 p=15
23:51:48   [191/751] diligence.adm.br UNKNOWN     OK_NO_TOTALS  rows=1    TABLE/TABLE_BANDS case=0032030-18.2015.8.17.0001 p=6
23:51:48   [192/751] recuperacaojudicial.squarespace.com AJ_LIST     OK_NO_TOTALS  rows=21   PROSE/PROSE case=0700536-67.2024.8.02.0043 p=2
23:51:49   [193/751] scalzilliaj.com.br QGC         OK_NO_TOTALS  rows=1298 TABLE/TABLE_BANDS case=5008261-83.2019.8.21.0019 p=16
23:51:49   [194/751] administradorajudicialgs.com.br ERROR WORKER_EXIT_1: SystemError: error return without exception set
23:51:49   [195/751] lrflideres.com.br UNKNOWN     QUARANTINED   rows=946  TABLE/TABLE_BANDS case=0067168-21.2019.8.17.2001 p=24
23:51:49   [196/751] diligence.adm.br QGC         OK_NO_TOTALS  rows=465  TABLE/TABLE_RULED case=0160454-48.2022.8.17.2001 p=27
23:51:49   [197/751] cataliseaj.com.br QGC         OK_NO_TOTALS  rows=344  TABLE/TABLE_RULED case=5009474-18.2019.8.21.0022 p=186
23:51:49   [198/751] scalzilliaj.com.br QGC         OK_NO_TOTALS  rows=204  TABLE/TABLE_BANDS case=5008261-83.2019.8.21.0019 p=9
23:51:49   [199/751] diligence.adm.br QGC         OK_NO_TOTALS  rows=61   TABLE/TABLE_BANDS case=0160454-48.2022.8.17.2001 p=4
23:52:05   [200/751] administradorajudicialgs.com.br ERROR WORKER_EXIT_1: SystemError: error return without exception set
23:52:05   [201/751] recuperacaojudicial.squarespace.com UNKNOWN     NO_ROWS       rows=0    TABLE/TABLE_BANDS case=0705602-96.2020.8.02.0001 p=4
23:52:05   [202/751] lrflideres.com.br AJ_LIST     QUARANTINED   rows=937  PROSE/PROSE case=0067168-21.2019.8.17.2001 p=6
23:52:05   [203/751] cataliseaj.com.br QGC         OK_NO_TOTALS  rows=63   TABLE/TABLE_RULED case=5009474-18.2019.8.21.0022 p=45
23:52:05   [204/751] scalzilliaj.com.br QGC         OK_NO_TOTALS  rows=905  PROSE/PROSE case=5008261-83.2019.8.21.0019 p=12
23:52:05   [205/751] diligence.adm.br QGC         OK_NO_TOTALS  rows=13   TABLE/TABLE_BANDS case=0160454-48.2022.8.17.2001 p=2
23:52:05   [206/751] recuperacaojudicial.squarespace.com AJ_LIST     QUARANTINED   rows=70   PROSE/PROSE case=0705602-96.2020.8.02.0001 p=2
23:52:55   [207/751] administradorajudicialgs.com.br ERROR WORKER_EXIT_1: lost sys.stderr
23:52:55   [208/751] cataliseaj.com.br UNKNOWN     QUARANTINED   rows=16   TABLE/TABLE_BANDS case=5009474-18.2019.8.21.0022 p=32
23:52:55   [209/751] scalzilliaj.com.br QGC         QUARANTINED   rows=246  TABLE/TABLE_BANDS case=5004775-33.2024.8.24.0019 p=19
23:52:55   [210/751] recuperacaojudicial.squarespace.com DEBTOR_LIST OK_NO_TOTALS  rows=41   TABLE/TABLE_BANDS case=0710397-29.2012.8.02.0001 p=6
23:52:55   [211/751] lrflideres.com.br UNKNOWN     OK_NO_TOTALS  rows=10   TABLE/TABLE_BANDS case=0006775-56.2016.8.17.2480 p=11
23:53:29   [212/751] administradorajudicialgs.com.br UNKNOWN     NO_ROWS       rows=0    TABLE/TABLE_BANDS case=0026395-77.2025.8.16.0019 p=5
23:53:29   [213/751] diligence.adm.br DEBTOR_LIST OK_NO_TOTALS  rows=494  PROSE/PROSE case=0160454-48.2022.8.17.2001 p=8
23:53:29   [214/751] cataliseaj.com.br UNKNOWN     QUARANTINED   rows=16   TABLE/TABLE_BANDS case=5009474-18.2019.8.21.0022 p=32
23:53:29   [215/751] scalzilliaj.com.br AJ_LIST     OK_NO_TOTALS  rows=6    TABLE/TABLE_BANDS case=0013786-82.2015.8.21.0016 p=2
23:53:29   [216/751] recuperacaojudicial.squarespace.com AJ_LIST     OK_NO_TOTALS  rows=45   TABLE/TABLE_BANDS case=0054275-84.2008.8.02.0001 p=6
23:53:29   [217/751] administradorajudicialgs.com.br UNKNOWN     OK_NO_TOTALS  rows=4    PROSE/PROSE case=0026395-77.2025.8.16.0019 p=21
23:53:29   [218/751] cataliseaj.com.br QGC         OK_NO_TOTALS  rows=26   TABLE/TABLE_BANDS case=5009474-18.2019.8.21.0022 p=11
23:53:29   [219/751] scalzilliaj.com.br UNKNOWN     OK_NO_TOTALS  rows=11   TABLE/TABLE_RULED case=None p=1
23:53:29   [220/751] lrflideres.com.br UNKNOWN     QUARANTINED   rows=2264 TABLE/TABLE_RULED case=0006775-56.2016.8.17.2480 p=53
23:53:29   [221/751] administradorajudicialgs.com.br DEBTOR_LIST OK_NO_TOTALS  rows=71   PROSE/PROSE case=5014445-78.2023.8.24.0036 p=5
23:53:29   [222/751] recuperacaojudicial.squarespace.com UNKNOWN     NO_ROWS       rows=0    TABLE/TABLE_BANDS case=0700137-87.2012.8.02.0001 p=1
23:53:29   [223/751] diligence.adm.br DEBTOR_LIST OK_NO_TOTALS  rows=1    TABLE/TABLE_BANDS case=0160454-48.2022.8.17.2001 p=5
23:53:29   [224/751] cataliseaj.com.br AJ_LIST     NO_ROWS       rows=0    PROSE/PROSE case=0010259-11.2025.8.16.0017 p=6
23:53:29   [225/751] scalzilliaj.com.br QGC         OK_NO_TOTALS  rows=11   TABLE/TABLE_RULED case=None p=1
23:53:29   [226/751] administradorajudicialgs.com.br UNKNOWN     QUARANTINED   rows=71   TABLE/TABLE_RULED case=5027051-28.2023.8.24.0008 p=4
23:53:29   [227/751] recuperacaojudicial.squarespace.com UNKNOWN     NO_ROWS       rows=0    TABLE/TABLE_BANDS case=0700137-87.2012.8.02.0001 p=3
23:53:29   [228/751] cataliseaj.com.br AJ_LIST     NO_ROWS       rows=13   TABLE/TABLE_BANDS case=5020932-37.2015.8.21.0001 p=4
23:53:29   [229/751] lrflideres.com.br AJ_LIST     OK_NO_TOTALS  rows=1127 PROSE/PROSE case=0006775-56.2016.8.17.2480 p=7
23:53:29   [230/751] scalzilliaj.com.br AJ_LIST     OK_NO_TOTALS  rows=7    TABLE/TABLE_BANDS case=0024789-58.2015.8.21.0008 p=2
23:53:29   [231/751] administradorajudicialgs.com.br DEBTOR_LIST OK_NO_TOTALS  rows=83   PROSE/PROSE case=5006131-09.2023.8.24.0113 p=6
23:53:29   [232/751] recuperacaojudicial.squarespace.com DEBTOR_LIST QUARANTINED   rows=70   PROSE/PROSE case=0706250-76.2020.8.02.0001 p=7
23:53:29   [233/751] diligence.adm.br AJ_LIST     QUARANTINED   rows=1216 TABLE/TABLE_RULED case=0160454-48.2022.8.17.2001 p=34
23:53:29   [234/751] cataliseaj.com.br PLAN        OK_NO_TOTALS  rows=14   TABLE/TABLE_BANDS case=5044580-07.2019.8.21.0001 p=33
23:53:29   [235/751] scalzilliaj.com.br UNKNOWN     NO_ROWS       rows=0    TABLE/TABLE_BANDS case=5009701-15.2017.8.21.0010 p=1
23:53:29   [236/751] administradorajudicialgs.com.br AJ_LIST     QUARANTINED   rows=90   TABLE/TABLE_RULED case=5006131-09.2023.8.24.0113 p=5
23:53:29   [237/751] lrflideres.com.br DEBTOR_LIST QUARANTINED   rows=1031 PROSE/PROSE case=0009339-09.2024.8.17.2001 p=16
23:53:29   [238/751] recuperacaojudicial.squarespace.com DEBTOR_LIST NO_ROWS       rows=0    TABLE/TABLE_BANDS case=0700497-06.2015.8.02.0037 p=1
23:53:29   [239/751] cataliseaj.com.br PLAN        OK_NO_TOTALS  rows=20   TABLE/TABLE_BANDS case=5044580-07.2019.8.21.0001 p=45
23:53:29   [240/751] scalzilliaj.com.br QGC         OK_NO_TOTALS  rows=1    TABLE/TABLE_BANDS case=0049768-73.2018.8.21.0010 p=2
23:53:29   [241/751] administradorajudicialgs.com.br AJ_LIST     QUARANTINED   rows=107  TABLE/TABLE_RULED case=5005954-36.2023.8.24.0019 p=6
23:53:30   [242/751] diligence.adm.br AJ_LIST     QUARANTINED   rows=1218 TABLE/TABLE_RULED case=0160454-48.2022.8.17.2001 p=33
23:53:30   [243/751] recuperacaojudicial.squarespace.com DEBTOR_LIST OK_NO_TOTALS  rows=1    TABLE/TABLE_BANDS case=0701384-72.2024.8.02.0037 p=2
23:53:30   [244/751] scalzilliaj.com.br AJ_LIST     OK_NO_TOTALS  rows=515  PROSE/PROSE case=0001234-83.2012.8.21.0083 p=2
23:53:30   [245/751] cataliseaj.com.br QGC         OK_NO_TOTALS  rows=28   TABLE/TABLE_BANDS case=5044580-07.2019.8.21.0001 p=41
23:53:30   [246/751] administradorajudicialgs.com.br UNKNOWN     NO_TEXT_LAYER rows=0    NONE/ case=0303869-91.2016.8.24.0033 p=2
23:53:30   [247/751] lrflideres.com.br AJ_LIST     OK_NO_TOTALS  rows=997  TABLE/TABLE_RULED case=0009339-09.2024.8.17.2001 p=51
23:53:30   [248/751] recuperacaojudicial.squarespace.com AJ_LIST     QUARANTINED   rows=1842 TABLE/TABLE_BANDS case=0700296-64.2018.8.02.0051 p=29
23:53:30   [249/751] cataliseaj.com.br AJ_LIST     NO_ROWS       rows=10   TABLE/TABLE_BANDS case=5044580-07.2019.8.21.0001 p=4
23:53:30   [250/751] diligence.adm.br AJ_LIST     QUARANTINED   rows=1174 TABLE/TABLE_RULED case=0160454-48.2022.8.17.2001 p=36
23:53:30   [251/751] scalzilliaj.com.br UNKNOWN     NO_ROWS       rows=0    TABLE/TABLE_BANDS case=0036136-44.2025.8.16.0019 p=1
23:53:30   [252/751] administradorajudicialgs.com.br QGC         OK_NO_TOTALS  rows=4    TABLE/TABLE_BANDS case=5001888-13.2023.8.24.0019 p=6
23:53:30   [253/751] cataliseaj.com.br PLAN        OK_NO_TOTALS  rows=4    TABLE/TABLE_BANDS case=5121114-73.2021.8.21.7000 p=12
23:53:30   [254/751] lrflideres.com.br DEBTOR_LIST QUARANTINED   rows=676  PROSE/PROSE case=0011283-80.2023.8.17.2001 p=10
23:53:30   [255/751] administradorajudicialgs.com.br UNKNOWN     OK_NO_TOTALS  rows=1146 TABLE/TABLE_RULED case=0300301-76.2018.8.24.0072 p=19
23:53:30   [256/751] recuperacaojudicial.squarespace.com UNKNOWN     NO_ROWS       rows=0    TABLE/TABLE_BANDS case=0700296-64.2018.8.02.0051 p=26
23:53:30   [257/751] diligence.adm.br UNKNOWN     OK_NO_TOTALS  rows=465  PROSE/PROSE case=0160454-48.2022.8.17.2001 p=10
23:53:44   [258/751] scalzilliaj.com.br UNKNOWN     NO_ROWS       rows=0    TABLE/TABLE_BANDS case=4000750-22.2026.8.26.0260 p=5
23:53:44   [259/751] cataliseaj.com.br PLAN        OK_NO_TOTALS  rows=2    TABLE/TABLE_BANDS case=5121114-73.2021.8.21.7000 p=14
23:53:44   [260/751] administradorajudicialgs.com.br AJ_LIST     QUARANTINED   rows=46   TABLE/TABLE_RULED case=0300301-76.2018.8.24.0072 p=2
23:53:55   [261/751] recuperacaojudicial.squarespace.com ERROR WORKER_EXIT_1: pdfplumber.utils.exceptions.PdfminerException
23:53:55   [262/751] lrflideres.com.br AJ_LIST     QUARANTINED   rows=779  PROSE/PROSE case=0011283-80.2023.8.17.2001 p=15
23:53:55   [263/751] scalzilliaj.com.br AJ_LIST     NO_ROWS       rows=0    TABLE/TABLE_RULED case=1000424-45.2025.8.13.0702 p=5
23:53:55   [264/751] recuperacaojudicial.squarespace.com DEBTOR_LIST OK_NO_TOTALS  rows=132  TABLE/TABLE_BANDS case=0029772-63.2026.8.17.2001 p=25
23:53:55   [265/751] scalzilliaj.com.br DEBTOR_LIST OK_NO_TOTALS  rows=47   PROSE/PROSE case=5014104-85.2021.8.21.0010 p=18
23:53:56   [266/751] administradorajudicialgs.com.br UNKNOWN     OK_NO_TOTALS  rows=1485 TABLE/TABLE_RULED case=0315021-46.2018.8.24.0008 p=20
23:53:56   [267/751] cataliseaj.com.br QGC         QUARANTINED   rows=186  TABLE/TABLE_RULED case=0301494-08.2016.8.24.0037 p=40
23:53:56   [268/751] lrflideres.com.br AJ_LIST     QUARANTINED   rows=384  PROSE/PROSE case=0000890-94.2021.8.17.3350 p=6
23:53:56   [269/751] scalzilliaj.com.br UNKNOWN     OK_NO_TOTALS  rows=657  TABLE/TABLE_RULED case=5014104-85.2021.8.21.0010 p=11
23:53:56   [270/751] cataliseaj.com.br UNKNOWN     OK_NO_TOTALS  rows=2    TABLE/TABLE_BANDS case=0301494-08.2016.8.24.0037 p=27
23:53:56   [271/751] administradorajudicialgs.com.br AJ_LIST     QUARANTINED   rows=327  TABLE/TABLE_RULED case=0315021-46.2018.8.24.0008 p=14
23:53:56   [272/751] recuperacaojudicial.squarespace.com AJ_LIST     QUARANTINED   rows=105  PROSE/PROSE case=0029772-63.2026.8.17.2001 p=86
23:53:56   [273/751] scalzilliaj.com.br AJ_LIST     OK_NO_TOTALS  rows=653  PROSE/PROSE case=5014104-85.2021.8.21.0010 p=17
23:53:56   [274/751] cataliseaj.com.br PLAN        OK_NO_TOTALS  rows=10   TABLE/TABLE_BANDS case=0301494-08.2016.8.24.0037 p=24
23:54:22   [275/751] lrflideres.com.br AJ_LIST     QUARANTINED   rows=398  TABLE/TABLE_BANDS case=0000890-94.2021.8.17.3350 p=11
23:54:22   [276/751] administradorajudicialgs.com.br AJ_LIST     OK_NO_TOTALS  rows=325  TABLE/TABLE_RULED case=0321200-64.2016.8.24.0008 p=5
23:54:22   [277/751] diligence.adm.br UNKNOWN     OK_NO_TOTALS  rows=1    TABLE/TABLE_BANDS case=0044705-47.2014.8.17.0001 p=10
23:54:22   [278/751] recuperacaojudicial.squarespace.com DEBTOR_LIST QUARANTINED   rows=135  PROSE/PROSE case=0015488-29.2018.8.17.2810 p=5
23:54:22   [279/751] cataliseaj.com.br UNKNOWN     OK_NO_TOTALS  rows=11   TABLE/TABLE_BANDS case=0301494-08.2016.8.24.0037 p=11
23:54:22   [280/751] scalzilliaj.com.br UNKNOWN     NO_ROWS       rows=0    TABLE/TABLE_BANDS case=1001535-69.2025.8.26.0260 p=2
23:54:22   [281/751] administradorajudicialgs.com.br AJ_LIST     OK_NO_TOTALS  rows=471  TABLE/TABLE_BANDS case=0301188-65.2018.8.24.0135 p=10
23:54:22   [282/751] recuperacaojudicial.squarespace.com AJ_LIST     OK            rows=151  PROSE/PROSE case=0015488-29.2018.8.17.2810 p=5
23:54:22   [283/751] lrflideres.com.br AJ_LIST     QUARANTINED   rows=391  PROSE/PROSE case=0000890-94.2021.8.17.3350 p=5
23:54:22   [284/751] cataliseaj.com.br AJ_LIST     NO_ROWS       rows=0    TABLE/TABLE_BANDS case=1127183-64.2019.8.26.0100 p=4
23:54:22   [285/751] scalzilliaj.com.br AJ_LIST     OK_NO_TOTALS  rows=106  TABLE/TABLE_RULED case=5009529-81.2025.8.24.0019 p=2
23:54:22   [286/751] administradorajudicialgs.com.br AJ_LIST     QUARANTINED   rows=838  TABLE/TABLE_RULED case=0300841-02.2018.8.24.0048 p=7
23:54:22   [287/751] diligence.adm.br UNKNOWN     OK_NO_TOTALS  rows=1    TABLE/TABLE_BANDS case=0044705-47.2014.8.17.0001 p=8
23:54:22   [288/751] cataliseaj.com.br UNKNOWN     NO_ROWS       rows=0    TABLE/TABLE_BANDS case=1038041-94.2025.8.26.0114 p=10
23:54:22   [289/751] recuperacaojudicial.squarespace.com UNKNOWN     NO_TEXT_LAYER rows=0    NONE/ case=0004838-75.2012.8.17.0370 p=60
23:54:22   [290/751] scalzilliaj.com.br AJ_LIST     OK_NO_TOTALS  rows=17   TABLE/TABLE_BANDS case=5041328-27.2023.8.21.0010 p=2
23:54:37   [291/751] administradorajudicialgs.com.br ERROR WORKER_EXIT_1: lost sys.stderr
23:54:37   [292/751] lrflideres.com.br UNKNOWN     OK            rows=560  TABLE/TABLE_RULED case=0822279-56.2026.8.15.2001 p=79
23:54:37   [293/751] scalzilliaj.com.br UNKNOWN     OK_NO_TOTALS  rows=55   TABLE/TABLE_RULED case=1042555-56.2022.8.26.0224 p=2
23:54:37   [294/751] recuperacaojudicial.squarespace.com AJ_LIST     OK_NO_TOTALS  rows=71   PROSE/PROSE case=0004838-75.2012.8.17.0370 p=2
23:54:37   [295/751] administradorajudicialgs.com.br UNKNOWN     QUARANTINED   rows=660  TABLE/TABLE_RULED case=0300852-53.2018.8.24.0073 p=17
23:54:37   [296/751] diligence.adm.br DEBTOR_LIST OK_NO_TOTALS  rows=193  TABLE/TABLE_RULED case=0004686-90.2026.8.17.2001 p=9
23:55:13   [297/751] cataliseaj.com.br UNKNOWN     NO_TEXT_LAYER rows=0    NONE/ case=5004596-31.2026.8.24.0019 p=16
23:55:13   [298/751] lrflideres.com.br DEBTOR_LIST QUARANTINED   rows=159  PROSE/PROSE case=0822279-56.2026.8.15.2001 p=4
23:55:13   [299/751] recuperacaojudicial.squarespace.com AJ_LIST     OK_NO_TOTALS  rows=26   PROSE/PROSE case=0065015-78.2020.8.17.2001 p=3
23:55:13   [300/751] administradorajudicialgs.com.br UNKNOWN     NO_ROWS       rows=0    TABLE/TABLE_BANDS case=0300852-53.2018.8.24.0073 p=4
23:55:13   [301/751] cataliseaj.com.br PLAN        QUARANTINED   rows=210  TABLE/TABLE_RULED case=5009367-03.2021.8.21.0022 p=44
23:55:13   [302/751] scalzilliaj.com.br QGC         OK_NO_TOTALS  rows=3    TABLE/TABLE_BANDS case=5007102-48.2024.8.24.0019 p=2
23:55:13   [303/751] administradorajudicialgs.com.br AJ_LIST     QUARANTINED   rows=171  TABLE/TABLE_RULED case=0300852-53.2018.8.24.0073 p=6
23:55:13   [304/751] cataliseaj.com.br DEBTOR_LIST NO_ROWS       rows=8    TABLE/TABLE_BANDS case=5009367-03.2021.8.21.0022 p=4
23:55:13   [305/751] lrflideres.com.br QGC         QUARANTINED   rows=447  PROSE/PROSE case=0075105-48.2020.8.17.2001 p=5
23:55:19   [306/751] diligence.adm.br ERROR WORKER_EXIT_1: SystemError: error return without exception set
23:55:19   [307/751] scalzilliaj.com.br UNKNOWN     NO_TEXT_LAYER rows=0    NONE/ case=5000010-23.2004.8.21.0045 p=2
23:55:19   [308/751] recuperacaojudicial.squarespace.com AJ_LIST     QUARANTINED   rows=9    PROSE/PROSE case=0065015-78.2020.8.17.2001 p=26
23:55:19   [309/751] administradorajudicialgs.com.br AJ_LIST     QUARANTINED   rows=168  TABLE/TABLE_RULED case=0300411-14.2014.8.24.0073 p=3
23:55:19   [310/751] scalzilliaj.com.br UNKNOWN     NO_TEXT_LAYER rows=0    NONE/ case=5000010-23.2004.8.21.0045 p=1
23:55:19   [311/751] cataliseaj.com.br UNKNOWN     NO_TEXT_LAYER rows=0    NONE/ case=5055918-38.2025.8.21.0010 p=3
23:55:19   [312/751] administradorajudicialgs.com.br UNKNOWN     NO_ROWS       rows=24   TABLE/TABLE_RULED case=0300754-52.2017.8.24.0025 p=10
23:55:19   [313/751] diligence.adm.br AJ_LIST     QUARANTINED   rows=139  PROSE/PROSE case=0004686-90.2026.8.17.2001 p=4
23:55:19   [314/751] recuperacaojudicial.squarespace.com AJ_LIST     QUARANTINED   rows=27   PROSE/PROSE case=0064535-08.2017.8.17.2001 p=2
23:55:20   [315/751] lrflideres.com.br UNKNOWN     OK_NO_TOTALS  rows=1940 TABLE/TABLE_RULED case=0076699-97.2020.8.17.2001 p=161
23:55:20   [316/751] cataliseaj.com.br UNKNOWN     NO_TEXT_LAYER rows=0    NONE/ case=5016092-76.2018.8.21.0001 p=4
23:55:20   [317/751] scalzilliaj.com.br UNKNOWN     OK_NO_TOTALS  rows=32   TABLE/TABLE_BANDS case=5000002-85.2023.8.24.3605 p=2
23:55:32   [318/751] recuperacaojudicial.squarespace.com AJ_LIST     QUARANTINED   rows=3505 TABLE/TABLE_BANDS case=0011283-80.2023.8.17.2001 p=270
23:55:32   [319/751] cataliseaj.com.br AJ_LIST     NO_ROWS       rows=15   TABLE/TABLE_BANDS case=5140733-34.2021.8.21.0001 p=6
23:55:32   [320/751] administradorajudicialgs.com.br UNKNOWN     NO_TEXT_LAYER rows=0    NONE/ case=0300754-52.2017.8.24.0025 p=3
23:55:32   [321/751] diligence.adm.br UNKNOWN     OK            rows=51   PROSE/PROSE case=0001639-09.2026.8.17.2810 p=15
23:55:32   [322/751] scalzilliaj.com.br QGC         OK_NO_TOTALS  rows=62   TABLE/TABLE_BANDS case=5021639-32.2021.8.21.0021 p=6
23:55:32   [323/751] recuperacaojudicial.squarespace.com DEBTOR_LIST OK            rows=675  PROSE/PROSE case=0011283-80.2023.8.17.2001 p=11
23:55:32   [324/751] lrflideres.com.br UNKNOWN     NO_TEXT_LAYER rows=0    NONE/ case=0075105-48.2020.8.17.2001 p=4
23:55:32   [325/751] administradorajudicialgs.com.br AJ_LIST     QUARANTINED   rows=107  TABLE/TABLE_RULED case=0300754-52.2017.8.24.0025 p=6
23:55:33   [326/751] recuperacaojudicial.squarespace.com UNKNOWN     OK_NO_TOTALS  rows=886  TABLE/TABLE_RULED case=0011283-80.2023.8.17.2001 p=20
23:55:33   [327/751] scalzilliaj.com.br UNKNOWN     QUARANTINED   rows=23   TABLE/TABLE_RULED case=0000063-19.1995.8.24.0014 p=3
23:55:33   [328/751] lrflideres.com.br AJ_LIST     NO_ROWS       rows=1    TABLE/TABLE_BANDS case=0818837-44.2021.8.15.0001 p=3
23:55:33   [329/751] diligence.adm.br UNKNOWN     QUARANTINED   rows=46   PROSE/PROSE case=0001639-09.2026.8.17.2810 p=13
23:55:51   [330/751] administradorajudicialgs.com.br DEBTOR_LIST NO_ROWS       rows=2061 TABLE/TABLE_RULED case=0301015-33.2016.8.24.0031 p=49
23:55:51   [331/751] recuperacaojudicial.squarespace.com UNKNOWN     QUARANTINED   rows=779  PROSE/PROSE case=0011283-80.2023.8.17.2001 p=17
23:56:09   [332/751] diligence.adm.br ERROR WORKER_EXIT_1: pdfplumber.utils.exceptions.PdfminerException
23:56:09   [333/751] lrflideres.com.br AJ_LIST     NO_ROWS       rows=0    TABLE/TABLE_BANDS case=1016311-58.2024.8.26.0309 p=1
23:56:09   [334/751] diligence.adm.br DEBTOR_LIST QUARANTINED   rows=178  PROSE/PROSE case=0077403-37.2025.8.17.2001 p=8
23:56:09   [335/751] lrflideres.com.br AJ_LIST     NO_ROWS       rows=0    TABLE/TABLE_BANDS case=1016311-58.2024.8.26.0309 p=2
23:56:20   [336/751] recuperacaojudicial.squarespace.com ERROR WORKER_EXIT_1: pdfplumber.utils.exceptions.PdfminerException
23:56:20   [337/751] administradorajudicialgs.com.br AJ_LIST     QUARANTINED   rows=264  TABLE/TABLE_RULED case=0311937-30.2016.8.24.0033 p=9
23:56:20   [338/751] recuperacaojudicial.squarespace.com UNKNOWN     QUARANTINED   rows=718  PROSE/PROSE case=0007565-40.2020.8.17.2370 p=9
23:56:20   [339/751] diligence.adm.br AJ_LIST     QUARANTINED   rows=90   PROSE/PROSE case=0077403-37.2025.8.17.2001 p=245
23:56:20   [340/751] lrflideres.com.br DEBTOR_LIST QUARANTINED   rows=167  PROSE/PROSE case=0862875-63.2018.8.15.2001 p=1
23:56:20   [341/751] recuperacaojudicial.squarespace.com AJ_LIST     QUARANTINED   rows=13   PROSE/PROSE case=0028903-37.2025.8.17.2001 p=3
23:56:20   [342/751] lrflideres.com.br AJ_LIST     QUARANTINED   rows=179  TABLE/TABLE_RULED case=0843102-61.2020.8.15.2001 p=14
23:56:20   [343/751] administradorajudicialgs.com.br AJ_LIST     QUARANTINED   rows=95   TABLE/TABLE_BANDS case=0302174-63.2015.8.24.0025 p=3
23:56:20   [344/751] recuperacaojudicial.squarespace.com AJ_LIST     QUARANTINED   rows=38   TABLE/TABLE_RULED case=0028903-37.2025.8.17.2001 p=17
23:56:20   [345/751] administradorajudicialgs.com.br AJ_LIST     QUARANTINED   rows=755  TABLE/TABLE_RULED case=0307130-42.2016.8.24.0008 p=37
23:56:20   [346/751] lrflideres.com.br AJ_LIST     QUARANTINED   rows=2    TABLE/TABLE_BANDS case=0011774-52.2015.8.17.0810 p=3
23:56:20   [347/751] lrflideres.com.br UNKNOWN     QUARANTINED   rows=1344 TABLE/TABLE_BANDS case=0019761-43.2024.8.17.2001 p=36
23:57:01   [348/751] diligence.adm.br ERROR WORKER_EXIT_1: pdfplumber.utils.exceptions.PdfminerException
23:57:01   [349/751] lrflideres.com.br UNKNOWN     QUARANTINED   rows=939  TABLE/TABLE_BANDS case=0019761-43.2024.8.17.2001 p=25
23:57:01   [350/751] diligence.adm.br UNKNOWN     QUARANTINED   rows=465  TABLE/TABLE_RULED case=0089327-55.2019.8.17.2001 p=29
23:57:06   [351/751] lrflideres.com.br UNKNOWN     QUARANTINED   rows=5351 TABLE/TABLE_BANDS case=0019761-43.2024.8.17.2001 p=143
23:57:06   [352/751] diligence.adm.br UNKNOWN     QUARANTINED   rows=471  TABLE/TABLE_RULED case=0089327-55.2019.8.17.2001 p=47
23:57:06   [353/751] lrflideres.com.br DEBTOR_LIST QUARANTINED   rows=7469 PROSE/PROSE case=0019761-43.2024.8.17.2001 p=51
23:57:06   [354/751] scalzilliaj.com.br UNKNOWN     NO_ROWS       rows=6    TABLE/TABLE_BANDS case=5009856-38.2024.8.21.0021 p=1
23:57:07   [355/751] lrflideres.com.br AJ_LIST     QUARANTINED   rows=5260 TABLE/TABLE_RULED case=0019761-43.2024.8.17.2001 p=106
23:57:07   [356/751] lrflideres.com.br AJ_LIST     QUARANTINED   rows=1314 TABLE/TABLE_RULED case=0019761-43.2024.8.17.2001 p=33
23:57:07   [357/751] diligence.adm.br DEBTOR_LIST QUARANTINED   rows=70   PROSE/PROSE case=0011441-85.2025.8.17.2480 p=7
23:57:07   [358/751] lrflideres.com.br AJ_LIST     QUARANTINED   rows=918  TABLE/TABLE_RULED case=0019761-43.2024.8.17.2001 p=25
23:57:33   [359/751] lrflideres.com.br AJ_LIST     QUARANTINED   rows=7479 PROSE/PROSE case=0019761-43.2024.8.17.2001 p=97
23:57:33   [360/751] lrflideres.com.br DEBTOR_LIST QUARANTINED   rows=1012 PROSE/PROSE case=0002484-82.2022.8.17.2001 p=10
23:57:33   [361/751] lrflideres.com.br AJ_LIST     QUARANTINED   rows=94   PROSE/PROSE case=0002484-82.2022.8.17.2001 p=58
23:57:33   [362/751] bugarimecoelho.com.br QGC         QUARANTINED   rows=16   TABLE/TABLE_BANDS case=0276159-86.2022.8.06.0001 p=18
23:57:33   [363/751] bugarimecoelho.com.br UNKNOWN     QUARANTINED   rows=182  TABLE/TABLE_RULED case=0214287-36.2023.8.06.0001 p=8
23:57:33   [364/751] bugarimecoelho.com.br AJ_LIST     QUARANTINED   rows=144  TABLE/TABLE_RULED case=0214287-36.2023.8.06.0001 p=10
23:57:33   [365/751] lrflideres.com.br AJ_LIST     QUARANTINED   rows=126  PROSE/PROSE case=0000721-61.2024.8.17.2620 p=4
23:57:33   [366/751] bugarimecoelho.com.br PLAN        NO_ROWS       rows=0    TABLE/TABLE_BANDS case=0214287-36.2023.8.06.0001 p=1
23:57:33   [367/751] lrflideres.com.br AJ_LIST     QUARANTINED   rows=396  PROSE/PROSE case=0832598-25.2022.8.15.2001 p=9
23:57:33   [368/751] bugarimecoelho.com.br QGC         NO_ROWS       rows=0    TABLE/TABLE_BANDS case=0214287-36.2023.8.06.0001 p=2
23:57:33   [369/751] lrflideres.com.br AJ_LIST     QUARANTINED   rows=399  PROSE/PROSE case=0832598-25.2022.8.15.2001 p=5
23:57:33   [370/751] bugarimecoelho.com.br UNKNOWN     NO_ROWS       rows=0    TABLE/TABLE_BANDS case=0214287-36.2023.8.06.0001 p=1
23:57:48   [371/751] vivanteaj.com.br ERROR WORKER_EXIT_1: pdfplumber.utils.exceptions.PdfminerException
23:57:48   [372/751] lrflideres.com.br DEBTOR_LIST QUARANTINED   rows=480  PROSE/PROSE case=0074500-63.2024.8.17.2001 p=10
23:57:48   [373/751] bugarimecoelho.com.br UNKNOWN     NO_ROWS       rows=0    TABLE/TABLE_BANDS case=0214287-36.2023.8.06.0001 p=1
23:58:14   [374/751] vivanteaj.com.br ERROR WORKER_EXIT_1: pdfplumber.utils.exceptions.PdfminerException
23:58:14   [375/751] lrflideres.com.br DEBTOR_LIST QUARANTINED   rows=4    PROSE/PROSE case=0809655-58.2026.8.15.0001 p=14
23:58:14   [376/751] vivanteaj.com.br AJ_LIST     QUARANTINED   rows=2914 PROSE/PROSE case=0001324-92.2023.8.17.2710 p=42
23:58:14   [377/751] bugarimecoelho.com.br UNKNOWN     NO_ROWS       rows=0    TABLE/TABLE_BANDS case=0270804-61.2023.8.06.0001 p=1
23:58:14   [378/751] bugarimecoelho.com.br AJ_LIST     NO_ROWS       rows=0    TABLE/TABLE_BANDS case=3000117-40.2025.8.06.0512 p=1
23:58:14   [379/751] bugarimecoelho.com.br UNKNOWN     NO_ROWS       rows=0    TABLE/TABLE_BANDS case=0214287-36.2023.8.06.0001 p=8
23:58:14   [380/751] vivanteaj.com.br QGC         QUARANTINED   rows=430  PROSE/PROSE case=0035526-54.2024.8.17.2001 p=10
23:58:14   [381/751] vivanteaj.com.br AJ_LIST     QUARANTINED   rows=418  PROSE/PROSE case=0035526-54.2024.8.17.2001 p=10
23:58:14   [382/751] bugarimecoelho.com.br UNKNOWN     NO_ROWS       rows=0    TABLE/TABLE_BANDS case=0214287-36.2023.8.06.0001 p=10
23:58:14   [383/751] vivanteaj.com.br AJ_LIST     QUARANTINED   rows=44   PROSE/PROSE case=0862380-60.2022.8.20.5001 p=4
23:58:14   [384/751] bugarimecoelho.com.br UNKNOWN     NO_ROWS       rows=0    TABLE/TABLE_BANDS case=0214287-36.2023.8.06.0001 p=6
23:58:14   [385/751] bugarimecoelho.com.br HOMOLOG     NO_ROWS       rows=1    TABLE/TABLE_BANDS case=0214287-36.2023.8.06.0001 p=9
23:58:14   [386/751] vivanteaj.com.br DEBTOR_LIST QUARANTINED   rows=380  PROSE/PROSE case=0810226-31.2023.8.20.5001 p=9
23:58:14   [387/751] vivanteaj.com.br AJ_LIST     QUARANTINED   rows=402  PROSE/PROSE case=0810226-31.2023.8.20.5001 p=8
23:58:14   [388/751] bugarimecoelho.com.br PLAN        NO_ROWS       rows=0    TABLE/TABLE_BANDS case=0270804-61.2023.8.06.0001 p=1
23:58:14   [389/751] bugarimecoelho.com.br AJ_LIST     NO_ROWS       rows=0    TABLE/TABLE_BANDS case=0270804-61.2023.8.06.0001 p=15
23:58:14   [390/751] vivanteaj.com.br AJ_LIST     QUARANTINED   rows=56   TABLE/TABLE_BANDS case=0000707-30.2008.8.02.0042 p=78
23:58:14   [391/751] bugarimecoelho.com.br UNKNOWN     NO_ROWS       rows=0    TABLE/TABLE_BANDS case=3000117-40.2025.8.06.0512 p=8
23:58:14   [392/751] vivanteaj.com.br UNKNOWN     QUARANTINED   rows=12   TABLE/TABLE_RULED case=0137354-93.2024.8.17.2001 p=42
23:58:14   [393/751] bugarimecoelho.com.br AJ_LIST     NO_ROWS       rows=0    TABLE/TABLE_BANDS case=0214287-36.2023.8.06.0001 p=2
23:58:14   [394/751] vivanteaj.com.br UNKNOWN     QUARANTINED   rows=136  TABLE/TABLE_BANDS case=0137354-93.2024.8.17.2001 p=83
23:58:14   [395/751] bugarimecoelho.com.br DEBTOR_LIST QUARANTINED   rows=132  TABLE/TABLE_BANDS case=0270804-61.2023.8.06.0001 p=18
23:58:14   [396/751] vivanteaj.com.br UNKNOWN     NO_ROWS       rows=0    TABLE/TABLE_BANDS case=1111148-53.2024.8.26.0100 p=64
23:58:14   [397/751] vivanteaj.com.br PLAN        QUARANTINED   rows=74   TABLE/TABLE_RULED case=1003919-39.2024.8.26.0260 p=57
23:58:14   [398/751] vivanteaj.com.br PLAN        QUARANTINED   rows=11   TABLE/TABLE_RULED case=1018313-46.2024.8.26.0100 p=24
23:58:14   [399/751] vivanteaj.com.br UNKNOWN     NO_ROWS       rows=0    TABLE/TABLE_BANDS case=0124413-63.2006.8.05.0001 p=3
23:58:14   [400/751] vivanteaj.com.br UNKNOWN     QUARANTINED   rows=149  TABLE/TABLE_RULED case=1111148-53.2024.8.26.0100 p=3
23:58:14   [401/751] vtladm.com.br DEBTOR_LIST NO_ROWS       rows=2    TABLE/TABLE_BANDS case=1005755-09.2025.8.26.0132 p=1
23:58:14   [402/751] vtladm.com.br AJ_LIST     QUARANTINED   rows=204  TABLE/TABLE_RULED case=1005755-09.2025.8.26.0132 p=50
23:58:14   [403/751] vtladm.com.br AJ_LIST     QUARANTINED   rows=204  TABLE/TABLE_RULED case=1005755-09.2025.8.26.0132 p=50
23:58:14   [404/751] vtladm.com.br AJ_LIST     NO_ROWS       rows=1    TABLE/TABLE_BANDS case=1005755-09.2025.8.26.0132 p=1
23:59:18   [405/751] vtladm.com.br ERROR WORKER_EXIT_1: pdfplumber.utils.exceptions.PdfminerException
23:59:18   [406/751] marquesadmjudicial.com.br HOMOLOG     NO_ROWS       rows=0    TABLE/TABLE_BANDS case=0012822-66.2019.8.16.0185 p=1
23:59:18   [407/751] vtladm.com.br AJ_LIST     NO_ROWS       rows=2    TABLE/TABLE_BANDS case=1009827-02.2024.8.26.0576 p=2
23:59:18   [408/751] vtladm.com.br AJ_LIST     NO_ROWS       rows=1    TABLE/TABLE_BANDS case=1009827-02.2024.8.26.0576 p=1
23:59:18   [409/751] marquesadmjudicial.com.br QGC         NO_ROWS       rows=1    TABLE/TABLE_BANDS case=0029070-63.2018.8.16.0017 p=1
23:59:18   [410/751] vtladm.com.br DEBTOR_LIST QUARANTINED   rows=952  TABLE/TABLE_RULED case=0011139-61.2024.5.15.0002 p=22
23:59:18   [411/751] vtladm.com.br AJ_LIST     NO_ROWS       rows=5    TABLE/TABLE_BANDS case=1000647-12.2025.8.26.0354 p=3
23:59:18   [412/751] marquesadmjudicial.com.br QGC         NO_ROWS       rows=2    TABLE/TABLE_BANDS case=1001190-70.2020.8.26.0069 p=1
23:59:18   [413/751] marquesadmjudicial.com.br QGC         QUARANTINED   rows=19   TABLE/TABLE_BANDS case=0031120-52.2024.8.16.0017 p=2
23:59:23   [414/751] vtladm.com.br ERROR WORKER_EXIT_1: Exception ignored in sys.unraisablehookException ignored in sys.unraisablehookException ignored in atexit
23:59:23   [415/751] marquesadmjudicial.com.br AJ_LIST     NO_ROWS       rows=0    TABLE/TABLE_BANDS case=0012043-76.2016.8.16.0069 p=1
23:59:23   [416/751] vtladm.com.br AJ_LIST     QUARANTINED   rows=1167 TABLE/TABLE_RULED case=1057555-04.2023.8.26.0114 p=123
23:59:23   [417/751] vtladm.com.br AJ_LIST     QUARANTINED   rows=986  TABLE/TABLE_RULED case=1057555-04.2023.8.26.0114 p=14
23:59:23   [418/751] marquesadmjudicial.com.br QGC         NO_ROWS       rows=1    TABLE/TABLE_BANDS case=0012043-76.2016.8.16.0069 p=3
23:59:23   [419/751] vtladm.com.br AJ_LIST     NO_ROWS       rows=3    TABLE/TABLE_BANDS case=1057555-04.2023.8.26.0114 p=2
23:59:23   [420/751] marquesadmjudicial.com.br UNKNOWN     NO_ROWS       rows=0    TABLE/TABLE_BANDS case=0012043-76.2016.8.16.0069 p=17
23:59:23   [421/751] marquesadmjudicial.com.br UNKNOWN     QUARANTINED   rows=109  TABLE/TABLE_BANDS case=0043030-30.2025.8.16.0021 p=6
23:59:23   [422/751] marquesadmjudicial.com.br AJ_LIST     QUARANTINED   rows=62   TABLE/TABLE_BANDS case=0043030-30.2025.8.16.0021 p=6
23:59:23   [423/751] vtladm.com.br HOMOLOG     NO_ROWS       rows=0    TABLE/TABLE_BANDS case=0740910-30.1997.8.26.0100 p=2
23:59:23   [424/751] marquesadmjudicial.com.br AJ_LIST     QUARANTINED   rows=298  TABLE/TABLE_BANDS case=0037411-27.2022.8.16.0021 p=21
23:59:23   [425/751] marquesadmjudicial.com.br AJ_LIST     QUARANTINED   rows=313  TABLE/TABLE_BANDS case=0037411-27.2022.8.16.0021 p=21
23:59:23   [426/751] marquesadmjudicial.com.br AJ_LIST     NO_ROWS       rows=1    TABLE/TABLE_BANDS case=0001943-40.2024.8.16.0115 p=4
23:59:23   [427/751] vtladm.com.br QGC         QUARANTINED   rows=20   TABLE/TABLE_RULED case=0704506-58.2023.8.07.0015 p=17
23:59:23   [428/751] marquesadmjudicial.com.br AJ_LIST     QUARANTINED   rows=97   TABLE/TABLE_BANDS case=0001943-40.2024.8.16.0115 p=8
23:59:23   [429/751] marquesadmjudicial.com.br AJ_LIST     QUARANTINED   rows=352  TABLE/TABLE_BANDS case=0000410-68.2021.8.16.0174 p=20
23:59:23   [430/751] vtladm.com.br AJ_LIST     NO_ROWS       rows=2    TABLE/TABLE_BANDS case=1005755-09.2025.8.26.0132 p=2
23:59:23   [431/751] vtladm.com.br AJ_LIST     NO_ROWS       rows=21   TABLE/TABLE_BANDS case=1005755-09.2025.8.26.0132 p=12
23:59:23   [432/751] vtladm.com.br AJ_LIST     NO_ROWS       rows=0    TABLE/TABLE_BANDS case=0804994-81.2024.8.07.0016 p=2
23:59:23   [433/751] vtladm.com.br UNKNOWN     NO_ROWS       rows=0    TABLE/TABLE_BANDS case=0804994-81.2024.8.07.0016 p=2
23:59:23   [434/751] marquesadmjudicial.com.br AJ_LIST     QUARANTINED   rows=267  TABLE/TABLE_BANDS case=0003971-03.2023.8.16.0119 p=18
23:59:23   [435/751] vtladm.com.br UNKNOWN     QUARANTINED   rows=14   TABLE/TABLE_RULED case=1009827-02.2024.8.26.0576 p=50
23:59:23   [436/751] marquesadmjudicial.com.br AJ_LIST     QUARANTINED   rows=930  TABLE/TABLE_BANDS case=0003971-03.2023.8.16.0119 p=70
23:59:23   [437/751] marquesadmjudicial.com.br AJ_LIST     QUARANTINED   rows=253  TABLE/TABLE_BANDS case=0000357-17.2024.8.16.0131 p=16
23:59:23   [438/751] vtladm.com.br AJ_LIST     NO_ROWS       rows=0    TABLE/TABLE_BANDS case=1009827-02.2024.8.26.0576 p=6
23:59:23   [439/751] marquesadmjudicial.com.br AJ_LIST     QUARANTINED   rows=396  TABLE/TABLE_BANDS case=0008897-71.2025.8.16.0017 p=19
23:59:23   [440/751] marquesadmjudicial.com.br AJ_LIST     QUARANTINED   rows=511  TABLE/TABLE_BANDS case=0005010-98.2023.8.16.0001 p=35
23:59:23   [441/751] marquesadmjudicial.com.br AJ_LIST     QUARANTINED   rows=321  TABLE/TABLE_BANDS case=0012245-43.2022.8.16.0069 p=19
23:59:23   [442/751] vtladm.com.br ERROR WORKER_EXIT_1: pdfplumber.utils.exceptions.PdfminerException: Unexpected EOF
23:59:23   [443/751] marquesadmjudicial.com.br AJ_LIST     QUARANTINED   rows=311  TABLE/TABLE_BANDS case=0012245-43.2022.8.16.0069 p=16
23:59:23   [444/751] vtladm.com.br AJ_LIST     NO_ROWS       rows=1    TABLE/TABLE_BANDS case=1000647-12.2025.8.26.0354 p=1
23:59:23   [445/751] marquesadmjudicial.com.br AJ_LIST     QUARANTINED   rows=27   TABLE/TABLE_BANDS case=0044747-14.2024.8.16.0021 p=5
23:59:23   [446/751] marquesadmjudicial.com.br DEBTOR_LIST QUARANTINED   rows=124  TABLE/TABLE_BANDS case=0004387-24.2024.8.16.0090 p=3
23:59:23   [447/751] marquesadmjudicial.com.br UNKNOWN     QUARANTINED   rows=14   TABLE/TABLE_BANDS case=0004387-24.2024.8.16.0090 p=2
23:59:23   [448/751] vtladm.com.br ERROR WORKER_EXIT_1: pdfplumber.utils.exceptions.PdfminerException: Unexpected EOF
23:59:23   [449/751] vtladm.com.br AJ_LIST     NO_ROWS       rows=0    TABLE/TABLE_BANDS case=1000647-12.2025.8.26.0354 p=2
23:59:23   [450/751] marquesadmjudicial.com.br UNKNOWN     NO_ROWS       rows=28   TABLE/TABLE_BANDS case=0016033-22.2025.8.16.0017 p=2
23:59:23   [451/751] marquesadmjudicial.com.br UNKNOWN     QUARANTINED   rows=25   TABLE/TABLE_BANDS case=0016033-22.2025.8.16.0017 p=3
23:59:23   [452/751] marquesadmjudicial.com.br AJ_LIST     QUARANTINED   rows=141  TABLE/TABLE_BANDS case=0029198-39.2025.8.16.0017 p=7
23:59:23   [453/751] vtladm.com.br AJ_LIST     NO_ROWS       rows=3    TABLE/TABLE_BANDS case=1057555-04.2023.8.26.0114 p=1
23:59:23   [454/751] realbrasil.com.br QGC         QUARANTINED   rows=40   TABLE/TABLE_RULED case=0841699-85.2024.8.12.0001 p=31
23:59:23   [455/751] realbrasil.com.br ERROR WORKER_EXIT_1: pdfplumber.utils.exceptions.PdfminerException: Unexpected EOF
23:59:23   [456/751] vtladm.com.br UNKNOWN     NO_ROWS       rows=0    TABLE/TABLE_BANDS case=1094652-46.2024.8.26.0100 p=74
23:59:23   [457/751] vtladm.com.br AJ_LIST     NO_ROWS       rows=0    TABLE/TABLE_BANDS case=0704506-58.2023.8.07.0015 p=11
23:59:23   [458/751] ricardobiancardi.com.br QGC         QUARANTINED   rows=20   TABLE/TABLE_RULED case=5048671-58.2024.8.08.0024 p=25
23:59:23   [459/751] realbrasil.com.br UNKNOWN     NO_ROWS       rows=0    TABLE/TABLE_BANDS case=8054910-22.2020.8.05.0001 p=3
23:59:23   [460/751] ricardobiancardi.com.br UNKNOWN     NO_ROWS       rows=0    TABLE/TABLE_BANDS case=5048671-58.2024.8.08.0024 p=1
23:59:23   [461/751] realbrasil.com.br AJ_LIST     QUARANTINED   rows=40   TABLE/TABLE_RULED case=8054910-22.2020.8.05.0001 p=4
23:59:23   [462/751] realbrasil.com.br AJ_LIST     NO_ROWS       rows=0    TABLE/TABLE_BANDS case=1003643-62.2016.8.26.0462 p=10
23:59:23   [463/751] realbrasil.com.br UNKNOWN     NO_ROWS       rows=0    TABLE/TABLE_BANDS case=1003643-62.2016.8.26.0462 p=7
23:59:23   [464/751] realbrasil.com.br UNKNOWN     NO_ROWS       rows=0    TABLE/TABLE_BANDS case=1003643-62.2016.8.26.0462 p=8
23:59:23   [465/751] realbrasil.com.br UNKNOWN     NO_ROWS       rows=0    TABLE/TABLE_BANDS case=1003643-62.2016.8.26.0462 p=8
23:59:23   [466/751] realbrasil.com.br UNKNOWN     NO_ROWS       rows=0    TABLE/TABLE_BANDS case=1003643-62.2016.8.26.0462 p=8
23:59:23   [467/751] realbrasil.com.br UNKNOWN     NO_ROWS       rows=0    TABLE/TABLE_BANDS case=1003643-62.2016.8.26.0462 p=8
23:59:23   [468/751] realbrasil.com.br UNKNOWN     NO_ROWS       rows=0    TABLE/TABLE_BANDS case=1003643-62.2016.8.26.0462 p=7
23:59:23   [469/751] realbrasil.com.br UNKNOWN     NO_ROWS       rows=0    TABLE/TABLE_BANDS case=1003643-62.2016.8.26.0462 p=1
23:59:23   [470/751] realbrasil.com.br AJ_LIST     QUARANTINED   rows=108  TABLE/TABLE_RULED case=0800811-68.2020.8.12.0016 p=21
23:59:23   [471/751] realbrasil.com.br UNKNOWN     QUARANTINED   rows=255  TABLE/TABLE_BANDS case=0002123-52.2018.8.19.0028 p=21
23:59:23   [472/751] realbrasil.com.br QGC         NO_ROWS       rows=0    TABLE/TABLE_BANDS case=0000707-75.2016.8.12.0105 p=1
23:59:23   [473/751] realbrasil.com.br QGC         QUARANTINED   rows=26   TABLE/TABLE_RULED case=0841357-55.2016.8.12.0001 p=25
23:59:23   [474/751] stenius.com.br UNKNOWN     NO_ROWS       rows=40   TABLE/TABLE_RULED case=5824011-75.2025.8.09.0097 p=4
23:59:26   [475/751] stenius.com.br PLAN        QUARANTINED   rows=23   TABLE/TABLE_RULED case=5341375-33.2026.8.09.0049 p=35
23:59:26   [476/751] stenius.com.br UNKNOWN     NO_ROWS       rows=0    TABLE/TABLE_BANDS case=5677250-87.2023.8.09.0051 p=1
23:59:26   [477/751] stenius.com.br PLAN        QUARANTINED   rows=37   TABLE/TABLE_RULED case=5677250-87.2023.8.09.0051 p=30
23:59:26   [478/751] realbrasil.com.br AJ_LIST     QUARANTINED   rows=105  TABLE/TABLE_RULED case=0002888-23.2018.8.19.0028 p=9
23:59:26   [479/751] mpbadmjudicial.com.br UNKNOWN     NO_ROWS       rows=0    TABLE/TABLE_BANDS case=1030214-28.2024.8.11.0003 p=1
23:59:27   [480/751] stenius.com.br PLAN        NO_ROWS       rows=1    TABLE/TABLE_BANDS case=5824011-75.2025.8.09.0097 p=39
23:59:27   [481/751] mpbadmjudicial.com.br UNKNOWN     NO_ROWS       rows=0    TABLE/TABLE_BANDS case=1004237-95.2024.8.11.0015 p=6
23:59:27   [482/751] mpbadmjudicial.com.br UNKNOWN     NO_ROWS       rows=0    TABLE/TABLE_BANDS case=1004237-95.2024.8.11.0015 p=4
23:59:47   [483/751] realbrasil.com.br QGC         QUARANTINED   rows=93   TABLE/TABLE_RULED case=0815679-24.2018.8.10.0001 p=104
23:59:47   [484/751] mpbadmjudicial.com.br PLAN        QUARANTINED   rows=74   TABLE/TABLE_RULED case=1007952-96.2026.8.11.0041 p=56
23:59:47   [485/751] realbrasil.com.br UNKNOWN     QUARANTINED   rows=57   TABLE/TABLE_BANDS case=None p=7
23:59:47   [486/751] stenius.com.br QGC         NO_ROWS       rows=0    TABLE/TABLE_BANDS case=5775908-92.2025.8.09.0014 p=3
23:59:47   [487/751] realbrasil.com.br QGC         QUARANTINED   rows=40   TABLE/TABLE_RULED case=None p=30
23:59:47   [488/751] stenius.com.br QGC         NO_ROWS       rows=0    TABLE/TABLE_BANDS case=5775908-92.2025.8.09.0014 p=3
23:59:47   [489/751] realbrasil.com.br UNKNOWN     NO_ROWS       rows=0    TABLE/TABLE_BANDS case=1003074-40.2017.8.26.0296 p=10
23:59:47   [490/751] realbrasil.com.br UNKNOWN     QUARANTINED   rows=1283 TABLE/TABLE_RULED case=0303781-85.2017.8.24.0011 p=61
23:59:47   [491/751] realbrasil.com.br QGC         QUARANTINED   rows=85   TABLE/TABLE_BANDS case=0303781-85.2017.8.24.0011 p=65
23:59:47   [492/751] stenius.com.br UNKNOWN     NO_ROWS       rows=0    TABLE/TABLE_BANDS case=5264228-81.2025.8.09.0172 p=8
23:59:47   [493/751] realbrasil.com.br QGC         QUARANTINED   rows=10   TABLE/TABLE_BANDS case=1000201-93.2017.8.11.0002 p=13
23:59:47   [494/751] realbrasil.com.br QGC         QUARANTINED   rows=68   TABLE/TABLE_RULED case=1000201-93.2017.8.11.0002 p=19
23:59:47   [495/751] realbrasil.com.br UNKNOWN     NO_ROWS       rows=0    TABLE/TABLE_BANDS case=0800158-20.2017.8.12.0033 p=19
23:59:47   [496/751] realbrasil.com.br QGC         QUARANTINED   rows=60   TABLE/TABLE_RULED case=0800158-20.2017.8.12.0033 p=18
23:59:47   [497/751] realbrasil.com.br QGC         QUARANTINED   rows=44   TABLE/TABLE_RULED case=0801893-91.2016.8.12.0011 p=21
23:59:47   [498/751] realbrasil.com.br AJ_LIST     QUARANTINED   rows=111  TABLE/TABLE_RULED case=0840917-59.2016.8.12.0001 p=24
23:59:47   [499/751] credibilita.com.br AJ_LIST     NO_ROWS       rows=0    TABLE/TABLE_BANDS case=1025706-74.2024.8.26.0309 p=1
23:59:57   [500/751] credibilita.com.br UNKNOWN     QUARANTINED   rows=890  TABLE/TABLE_RULED case=1025706-74.2024.8.26.0309 p=155
23:59:57   [501/751] credibilita.com.br UNKNOWN     QUARANTINED   rows=44   TABLE/TABLE_BANDS case=5008465-92.2023.8.24.0023 p=57
23:59:57   [502/751] credibilita.com.br AJ_LIST     NO_ROWS       rows=0    TABLE/TABLE_BANDS case=0000745-65.2017.8.16.0162 p=3
23:59:57   [503/751] credibilita.com.br AJ_LIST     NO_ROWS       rows=0    TABLE/TABLE_BANDS case=0000745-65.2017.8.16.0162 p=3
23:59:58   [504/751] credibilita.com.br UNKNOWN     QUARANTINED   rows=2068 PROSE/PROSE case=0000745-65.2017.8.16.0162 p=24
00:00:01   [505/751] credibilita.com.br QGC         QUARANTINED   rows=30   TABLE/TABLE_BANDS case=0025258-69.2016.8.16.0021 p=57
00:00:24   [506/751] credibilita.com.br UNKNOWN     QUARANTINED   rows=819  TABLE/TABLE_BANDS case=0002662-05.2024.8.16.0056 p=359
00:00:24   [507/751] credibilita.com.br UNKNOWN     NO_ROWS       rows=0    TABLE/TABLE_BANDS case=0015091-73.2022.8.16.0185 p=8
00:00:24   [508/751] credibilita.com.br AJ_LIST     QUARANTINED   rows=7    TABLE/TABLE_BANDS case=5012487-62.2024.8.24.0023 p=41
00:00:24   [509/751] credibilita.com.br ERROR WORKER_EXIT_1: pdfplumber.utils.exceptions.PdfminerException: Unexpected EOF
00:00:24   [510/751] brasiltrustee.com.br UNKNOWN     NO_ROWS       rows=0    TABLE/TABLE_BANDS case=0000941-21.2012.8.26.0101 p=9
00:00:24   [511/751] credibilita.com.br AJ_LIST     NO_ROWS       rows=0    TABLE/TABLE_BANDS case=5012487-62.2024.8.24.0023 p=2
00:00:24   [512/751] brasiltrustee.com.br UNKNOWN     NO_ROWS       rows=0    TABLE/TABLE_BANDS case=0000941-21.2012.8.26.0101 p=8
00:00:24   [513/751] credibilita.com.br UNKNOWN     QUARANTINED   rows=4    TABLE/TABLE_BANDS case=5012487-62.2024.8.24.0023 p=15
00:00:24   [514/751] credibilita.com.br AJ_LIST     QUARANTINED   rows=6    TABLE/TABLE_BANDS case=5024222-97.2021.8.24.0023 p=40
00:00:24   [515/751] credibilita.com.br AJ_LIST     QUARANTINED   rows=1264 TABLE/TABLE_BANDS case=0006015-27.2016.8.16.0026 p=27
00:00:24   [516/751] inova-aj.com.br PLAN        NO_ROWS       rows=0    TABLE/TABLE_BANDS case=0012239-96.2021.8.19.0001 p=2
00:00:24   [517/751] credibilita.com.br QGC         QUARANTINED   rows=1287 TABLE/TABLE_BANDS case=0006015-27.2016.8.16.0026 p=69
00:00:24   [518/751] credibilita.com.br UNKNOWN     NO_ROWS       rows=0    TABLE/TABLE_BANDS case=0086662-30.2025.8.16.0014 p=7
00:00:24   [519/751] brasiltrustee.com.br UNKNOWN     NO_ROWS       rows=0    TABLE/TABLE_BANDS case=0000941-21.2012.8.26.0101 p=2
00:00:24   [520/751] inova-aj.com.br DEBTOR_LIST QUARANTINED   rows=8    TABLE/TABLE_RULED case=0055090-53.2021.8.19.0001 p=32
00:00:24   [521/751] brasiltrustee.com.br UNKNOWN     NO_ROWS       rows=0    TABLE/TABLE_BANDS case=0000941-21.2012.8.26.0101 p=1
00:00:24   [522/751] credibilita.com.br DEBTOR_LIST NO_ROWS       rows=0    TABLE/TABLE_BANDS case=0000630-68.2026.8.16.0149 p=2
00:00:24   [523/751] inova-aj.com.br QGC         NO_ROWS       rows=0    TABLE/TABLE_BANDS case=0022066-39.2018.8.19.0001 p=1
00:00:24   [524/751] inova-aj.com.br QGC         NO_ROWS       rows=0    TABLE/TABLE_BANDS case=0022066-39.2018.8.19.0001 p=1
00:00:24   [525/751] brasiltrustee.com.br QGC         QUARANTINED   rows=25   TABLE/TABLE_BANDS case=1014708-31.2016.8.26.0114 p=2
00:00:24   [526/751] credibilita.com.br AJ_LIST     NO_ROWS       rows=0    TABLE/TABLE_BANDS case=0003679-79.2026.8.16.0194 p=2
00:00:24   [527/751] brasiltrustee.com.br UNKNOWN     NO_ROWS       rows=0    TABLE/TABLE_BANDS case=0000941-21.2012.8.26.0101 p=6
00:00:24   [528/751] inova-aj.com.br UNKNOWN     NO_ROWS       rows=0    TABLE/TABLE_BANDS case=0022066-39.2018.8.19.0001 p=2
00:00:24   [529/751] brasiltrustee.com.br UNKNOWN     NO_ROWS       rows=0    TABLE/TABLE_BANDS case=0000941-21.2012.8.26.0101 p=7
00:00:24   [530/751] credibilita.com.br UNKNOWN     QUARANTINED   rows=88   TABLE/TABLE_BANDS case=0021370-77.2024.8.16.0194 p=3
00:00:34   [531/751] brasiltrustee.com.br UNKNOWN     NO_ROWS       rows=0    TABLE/TABLE_BANDS case=0000941-21.2012.8.26.0101 p=3
00:00:34   [532/751] credibilita.com.br UNKNOWN     NO_ROWS       rows=0    TABLE/TABLE_BANDS case=0007961-95.2023.8.16.0185 p=1
00:00:34   [533/751] brasiltrustee.com.br UNKNOWN     NO_ROWS       rows=0    TABLE/TABLE_BANDS case=0000941-21.2012.8.26.0101 p=2
00:00:34   [534/751] credibilita.com.br UNKNOWN     NO_ROWS       rows=18   TABLE/TABLE_BANDS case=1025706-74.2024.8.26.0309 p=23
00:00:34   [535/751] inova-aj.com.br AJ_LIST     QUARANTINED   rows=1    TABLE/TABLE_RULED case=0928454-54.2023.8.19.0001 p=6
00:00:34   [536/751] brasiltrustee.com.br QGC         QUARANTINED   rows=37   TABLE/TABLE_BANDS case=1000130-26.2023.8.26.0144 p=4
00:00:34   [537/751] credibilita.com.br UNKNOWN     NO_ROWS       rows=0    PROSE/PROSE case=1025706-74.2024.8.26.0309 p=39
00:00:34   [538/751] rlg-aj.com.br DEBTOR_LIST QUARANTINED   rows=50   TABLE/TABLE_RULED case=5011460-76.2025.8.21.0028 p=6
00:00:34   [539/751] brasiltrustee.com.br UNKNOWN     NO_ROWS       rows=0    TABLE/TABLE_BANDS case=0000941-21.2012.8.26.0101 p=8
00:00:34   [540/751] credibilita.com.br PLAN        QUARANTINED   rows=2    TABLE/TABLE_BANDS case=5008465-92.2023.8.24.0023 p=38
00:00:34   [541/751] brasiltrustee.com.br UNKNOWN     NO_ROWS       rows=0    TABLE/TABLE_BANDS case=0000941-21.2012.8.26.0101 p=6
00:00:34   [542/751] brasiltrustee.com.br UNKNOWN     NO_ROWS       rows=0    TABLE/TABLE_BANDS case=0000941-21.2012.8.26.0101 p=2
00:00:35   [543/751] rlg-aj.com.br AJ_LIST     QUARANTINED   rows=673  TABLE/TABLE_RULED case=5001743-15.2025.8.08.0024 p=48
00:00:35   [544/751] brasiltrustee.com.br UNKNOWN     NO_ROWS       rows=0    TABLE/TABLE_BANDS case=0000941-21.2012.8.26.0101 p=2
00:00:43   [545/751] rlg-aj.com.br AJ_LIST     QUARANTINED   rows=667  TABLE/TABLE_RULED case=5001743-15.2025.8.08.0024 p=48
00:01:19   [546/751] inova-aj.com.br UNKNOWN     QUARANTINED   rows=5132 TABLE/TABLE_BANDS case=0013123-93.2017.5.15.0077 p=71
00:01:19   [547/751] inova-aj.com.br DEBTOR_LIST QUARANTINED   rows=119  TABLE/TABLE_BANDS case=0047010-37.2020.8.19.0001 p=157
00:01:19   [548/751] inova-aj.com.br AJ_LIST     QUARANTINED   rows=5    TABLE/TABLE_BANDS case=0047010-37.2020.8.19.0001 p=102
00:02:04   [549/751] rlg-aj.com.br ERROR WORKER_EXIT_120: MemoryError
00:02:04   [550/751] inova-aj.com.br AJ_LIST     NO_ROWS       rows=0    TABLE/TABLE_BANDS case=0020395-10.2020.8.19.0001 p=1
00:02:04   [551/751] rlg-aj.com.br DEBTOR_LIST QUARANTINED   rows=22   TABLE/TABLE_BANDS case=5005840-92.2026.8.24.0019 p=19
00:02:04   [552/751] inova-aj.com.br AJ_LIST     NO_ROWS       rows=0    TABLE/TABLE_BANDS case=0020395-10.2020.8.19.0001 p=1
00:02:04   [553/751] inova-aj.com.br DEBTOR_LIST QUARANTINED   rows=1001 TABLE/TABLE_RULED case=0020395-10.2020.8.19.0001 p=25
00:02:04   [554/751] inova-aj.com.br UNKNOWN     NO_ROWS       rows=0    TABLE/TABLE_BANDS case=1116156-84.2019.8.26.0100 p=1
00:02:04   [555/751] brasiltrustee.com.br UNKNOWN     QUARANTINED   rows=133  TABLE/TABLE_BANDS case=1000012-65.2024.8.26.0354 p=5
00:02:04   [556/751] rlg-aj.com.br ERROR WORKER_EXIT_1: pdfplumber.utils.exceptions.PdfminerException: Unexpected EOF
00:02:04   [557/751] brasiltrustee.com.br DEBTOR_LIST NO_ROWS       rows=0    TABLE/TABLE_BANDS case=1000012-65.2024.8.26.0354 p=2
00:02:04   [558/751] inova-aj.com.br AJ_LIST     NO_ROWS       rows=0    TABLE/TABLE_BANDS case=0194044-84.2018.8.19.0001 p=2
00:02:04   [559/751] inova-aj.com.br AJ_LIST     QUARANTINED   rows=762  TABLE/TABLE_RULED case=0194044-84.2018.8.19.0001 p=50
00:02:04   [560/751] inova-aj.com.br DEBTOR_LIST QUARANTINED   rows=998  TABLE/TABLE_RULED case=0194044-84.2018.8.19.0001 p=24
00:02:04   [561/751] brasiltrustee.com.br ERROR WORKER_EXIT_1: pdfplumber.utils.exceptions.PdfminerException: Unexpected EOF
00:02:04   [562/751] inova-aj.com.br UNKNOWN     NO_ROWS       rows=1    TABLE/TABLE_BANDS case=0070460-77.2018.8.19.0001 p=1
00:02:04   [563/751] inova-aj.com.br DEBTOR_LIST NO_ROWS       rows=0    TABLE/TABLE_BANDS case=0070460-77.2018.8.19.0001 p=47
00:02:04   [564/751] rlg-aj.com.br UNKNOWN     QUARANTINED   rows=282  TABLE/TABLE_BANDS case=5008550-51.2025.8.08.0024 p=8
00:02:04   [565/751] brasiltrustee.com.br UNKNOWN     NO_ROWS       rows=0    TABLE/TABLE_BANDS case=0000941-21.2012.8.26.0101 p=10
00:02:04   [566/751] inova-aj.com.br AJ_LIST     NO_ROWS       rows=0    TABLE/TABLE_BANDS case=0070460-77.2018.8.19.0001 p=53
00:02:04   [567/751] inova-aj.com.br AJ_LIST     QUARANTINED   rows=1017 TABLE/TABLE_BANDS case=0289751-84.2015.8.19.0001 p=19
00:02:04   [568/751] rlg-aj.com.br AJ_LIST     QUARANTINED   rows=51   TABLE/TABLE_RULED case=1074600-92.2025.8.11.0041 p=18
00:02:04   [569/751] inova-aj.com.br UNKNOWN     NO_ROWS       rows=1    TABLE/TABLE_BANDS case=0024643-24.2017.8.19.0001 p=1
00:02:04   [570/751] brasiltrustee.com.br QGC         QUARANTINED   rows=4    TABLE/TABLE_BANDS case=1080989-79.2014.8.26.0100 p=2
00:02:04   [571/751] rlg-aj.com.br UNKNOWN     QUARANTINED   rows=364  TABLE/TABLE_RULED case=5022382-25.2023.8.08.0024 p=18
00:02:04   [572/751] rlg-aj.com.br UNKNOWN     NO_ROWS       rows=0    TABLE/TABLE_BANDS case=5022382-25.2023.8.08.0024 p=6
00:02:04   [573/751] brasiltrustee.com.br QGC         NO_ROWS       rows=2    TABLE/TABLE_BANDS case=1036296-61.2019.8.26.0576 p=2
00:02:04   [574/751] rlg-aj.com.br UNKNOWN     NO_ROWS       rows=0    TABLE/TABLE_BANDS case=5001024-38.2024.8.24.0019 p=3
00:02:04   [575/751] rlg-aj.com.br AJ_LIST     QUARANTINED   rows=56   TABLE/TABLE_RULED case=5001024-38.2024.8.24.0019 p=5
00:02:04   [576/751] brasiltrustee.com.br QGC         QUARANTINED   rows=16   TABLE/TABLE_BANDS case=1012325-67.2021.8.26.0482 p=2
00:02:04   [577/751] rlg-aj.com.br DEBTOR_LIST QUARANTINED   rows=11   TABLE/TABLE_BANDS case=5009149-92.2024.8.24.0019 p=6
00:02:04   [578/751] brasiltrustee.com.br DEBTOR_LIST NO_ROWS       rows=5    TABLE/TABLE_BANDS case=1000238-30.2022.8.26.0390 p=2
00:02:04   [579/751] brasiltrustee.com.br QGC         QUARANTINED   rows=17   TABLE/TABLE_BANDS case=1001087-02.2022.8.26.0390 p=2
00:02:04   [580/751] brasiltrustee.com.br QGC         NO_ROWS       rows=0    TABLE/TABLE_BANDS case=1001087-02.2022.8.26.0390 p=2
00:02:04   [581/751] brasiltrustee.com.br AJ_LIST     NO_ROWS       rows=20   TABLE/TABLE_BANDS case=1001790-97.2017.8.26.0101 p=16
00:02:04   [582/751] rlg-aj.com.br UNKNOWN     NO_ROWS       rows=0    TABLE/TABLE_BANDS case=5001299-84.2024.8.24.0019 p=3
00:02:51   [583/751] inova-aj.com.br ERROR WORKER_EXIT_1: Exception ignored in sys.unraisablehook
00:02:51   [584/751] rlg-aj.com.br AJ_LIST     QUARANTINED   rows=16   TABLE/TABLE_RULED case=5001299-84.2024.8.24.0019 p=3
00:02:51   [585/751] inova-aj.com.br AJ_LIST     NO_ROWS       rows=0    TABLE/TABLE_BANDS case=0078610-63.1989.8.19.0001 p=1
00:02:51   [586/751] rlg-aj.com.br AJ_LIST     QUARANTINED   rows=159  TABLE/TABLE_RULED case=5004799-61.2024.8.24.0019 p=20
00:02:51   [587/751] inova-aj.com.br AJ_LIST     NO_ROWS       rows=0    TABLE/TABLE_BANDS case=0014118-50.2014.8.19.0045 p=5
00:02:51   [588/751] gatekeeperaj.com.br AJ_LIST     NO_ROWS       rows=4    TABLE/TABLE_BANDS case=1016130-10.2021.8.26.0003 p=2
00:02:51   [589/751] gatekeeperaj.com.br AJ_LIST     NO_ROWS       rows=0    TABLE/TABLE_BANDS case=1016130-10.2021.8.26.0003 p=2
00:02:51   [590/751] inova-aj.com.br UNKNOWN     QUARANTINED   rows=819  TABLE/TABLE_BANDS case=0014118-50.2014.8.19.0045 p=24
00:02:52   [591/751] gatekeeperaj.com.br QGC         NO_ROWS       rows=3    TABLE/TABLE_BANDS case=1016130-10.2021.8.26.0003 p=2
00:02:52   [592/751] gatekeeperaj.com.br QGC         QUARANTINED   rows=5    TABLE/TABLE_RULED case=0000335-78.2024.8.26.0260 p=6
00:03:08   [593/751] rlg-aj.com.br ERROR WORKER_EXIT_1: pdfplumber.utils.exceptions.PdfminerException
00:03:08   [594/751] rlg-aj.com.br AJ_LIST     QUARANTINED   rows=1743 TABLE/TABLE_RULED case=5092815-63.2023.8.21.0001 p=24
00:03:08   [595/751] inova-aj.com.br UNKNOWN     NO_ROWS       rows=0    PROSE/PROSE case=0029506-77.2004.8.19.0001 p=5
00:03:08   [596/751] rlg-aj.com.br QGC         QUARANTINED   rows=1324 TABLE/TABLE_RULED case=5092815-63.2023.8.21.0001 p=172
00:03:08   [597/751] gatekeeperaj.com.br QGC         QUARANTINED   rows=6149 TABLE/TABLE_RULED case=0255180-67.2007.8.26.0100 p=165
00:03:08   [598/751] rlg-aj.com.br PLAN        NO_ROWS       rows=7    TABLE/TABLE_BANDS case=5011460-76.2025.8.21.0028 p=29
00:03:08   [599/751] rlg-aj.com.br AJ_LIST     NO_ROWS       rows=0    TABLE/TABLE_BANDS case=5004799-61.2024.8.24.0019 p=6
00:03:08   [600/751] gatekeeperaj.com.br AJ_LIST     QUARANTINED   rows=392  PROSE/PROSE case=1006507-24.2018.8.26.0100 p=3
00:03:08   [601/751] cb2d.com.br AJ_LIST     QUARANTINED   rows=410  TABLE/TABLE_BANDS case=5003874-98.2022.8.21.0090 p=10
00:03:08   [602/751] gatekeeperaj.com.br AJ_LIST     QUARANTINED   rows=1913 TABLE/TABLE_BANDS case=1132347-05.2022.8.26.0100 p=109
00:03:08   [603/751] gatekeeperaj.com.br QGC         QUARANTINED   rows=699  TABLE/TABLE_RULED case=0000335-78.2024.8.26.0260 p=37
00:03:08   [604/751] cb2d.com.br UNKNOWN     NO_ROWS       rows=1    TABLE/TABLE_BANDS case=5021496-35.2023.8.21.0001 p=1
00:03:08   [605/751] gatekeeperaj.com.br QGC         QUARANTINED   rows=669  TABLE/TABLE_RULED case=1132347-05.2022.8.26.0100 p=15
00:03:08   [606/751] gatekeeperaj.com.br DEBTOR_LIST NO_ROWS       rows=4    TABLE/TABLE_BANDS case=1090375-65.2016.8.26.0100 p=2
00:03:08   [607/751] gatekeeperaj.com.br QGC         QUARANTINED   rows=9    TABLE/TABLE_RULED case=0000335-78.2024.8.26.0260 p=6
00:03:08   [608/751] rlg-aj.com.br ERROR WORKER_EXIT_1: pdfplumber.utils.exceptions.PdfminerException: Unexpected EOF
00:03:08   [609/751] cb2d.com.br AJ_LIST     QUARANTINED   rows=219  TABLE/TABLE_BANDS case=5013238-95.2023.8.24.0019 p=6
00:03:08   [610/751] rlg-aj.com.br AJ_LIST     NO_ROWS       rows=3    TABLE/TABLE_BANDS case=5074883-62.2023.8.21.0001 p=2
00:03:08   [611/751] gatekeeperaj.com.br AJ_LIST     NO_ROWS       rows=4    TABLE/TABLE_BANDS case=1026537-46.2019.8.26.0100 p=6
00:03:08   [612/751] rlg-aj.com.br PLAN        NO_ROWS       rows=0    TABLE/TABLE_BANDS case=5074883-62.2023.8.21.0001 p=27
00:03:08   [613/751] cb2d.com.br AJ_LIST     QUARANTINED   rows=14   TABLE/TABLE_BANDS case=5009369-87.2022.8.21.0005 p=2
00:03:08   [614/751] gatekeeperaj.com.br ERROR WORKER_EXIT_1: pdfplumber.utils.exceptions.PdfminerException: Unexpected EOF
00:03:08   [615/751] rlg-aj.com.br PLAN        QUARANTINED   rows=42   TABLE/TABLE_BANDS case=5008630-83.2025.8.24.0019 p=79
00:03:08   [616/751] gatekeeperaj.com.br QGC         QUARANTINED   rows=670  TABLE/TABLE_RULED case=0000335-78.2024.8.26.0260 p=48
00:03:08   [617/751] rlg-aj.com.br UNKNOWN     QUARANTINED   rows=5    TABLE/TABLE_BANDS case=5008550-51.2025.8.08.0024 p=40
00:03:08   [618/751] gatekeeperaj.com.br AJ_LIST     NO_ROWS       rows=2    TABLE/TABLE_BANDS case=0000335-78.2024.8.26.0260 p=1
00:03:12   [619/751] gatekeeperaj.com.br UNKNOWN     QUARANTINED   rows=857  TABLE/TABLE_RULED case=0000335-78.2024.8.26.0260 p=11
00:03:12   [620/751] rlg-aj.com.br UNKNOWN     QUARANTINED   rows=5    TABLE/TABLE_BANDS case=5008550-51.2025.8.08.0024 p=42
00:03:14   [621/751] rlg-aj.com.br PLAN        QUARANTINED   rows=6    TABLE/TABLE_BANDS case=5022382-25.2023.8.08.0024 p=34
00:03:14   [622/751] gatekeeperaj.com.br AJ_LIST     QUARANTINED   rows=54   TABLE/TABLE_RULED case=0000335-78.2024.8.26.0260 p=2
00:03:14   [623/751] rlg-aj.com.br PLAN        NO_ROWS       rows=1    TABLE/TABLE_BANDS case=5022382-25.2023.8.08.0024 p=4
00:03:14   [624/751] cb2d.com.br ERROR WORKER_EXIT_1: pdfplumber.utils.exceptions.PdfminerException: Unexpected EOF
00:03:14   [625/751] gatekeeperaj.com.br QGC         QUARANTINED   rows=44   TABLE/TABLE_RULED case=0000335-78.2024.8.26.0260 p=10
00:03:14   [626/751] rlg-aj.com.br PLAN        NO_ROWS       rows=0    TABLE/TABLE_BANDS case=5022382-25.2023.8.08.0024 p=4
00:03:14   [627/751] gatekeeperaj.com.br QGC         QUARANTINED   rows=65   TABLE/TABLE_RULED case=0000335-78.2024.8.26.0260 p=12
00:03:14   [628/751] rlg-aj.com.br PLAN        NO_ROWS       rows=0    TABLE/TABLE_BANDS case=5022382-25.2023.8.08.0024 p=2
00:03:14   [629/751] gatekeeperaj.com.br UNKNOWN     NO_ROWS       rows=0    TABLE/TABLE_BANDS case=0834048-17.1998.8.26.0100 p=8
00:03:14   [630/751] cb2d.com.br AJ_LIST     NO_ROWS       rows=7    TABLE/TABLE_BANDS case=5043834-42.2019.8.21.0001 p=1
00:03:14   [631/751] cb2d.com.br AJ_LIST     NO_ROWS       rows=14   TABLE/TABLE_BANDS case=5016123-91.2021.8.21.0001 p=1
00:03:14   [632/751] gatekeeperaj.com.br AJ_LIST     NO_ROWS       rows=0    TABLE/TABLE_BANDS case=1134120-17.2024.8.26.0100 p=2
00:03:14   [633/751] cb2d.com.br QGC         NO_ROWS       rows=7    TABLE/TABLE_BANDS case=0000001-29.1994.8.24.0041 p=3
00:03:15   [634/751] gatekeeperaj.com.br ERROR WORKER_EXIT_1: pdfplumber.utils.exceptions.PdfminerException: Unexpected EOF
00:03:15   [635/751] cb2d.com.br UNKNOWN     NO_ROWS       rows=10   TABLE/TABLE_BANDS case=5001395-52.2021.8.21.0128 p=4
00:03:15   [636/751] cb2d.com.br AJ_LIST     QUARANTINED   rows=14   TABLE/TABLE_BANDS case=5001395-52.2021.8.21.0128 p=2
00:03:15   [637/751] cb2d.com.br QGC         QUARANTINED   rows=8    TABLE/TABLE_BANDS case=0154367-27.2017.8.21.0001 p=4
00:03:16   [638/751] gatekeeperaj.com.br UNKNOWN     NO_ROWS       rows=0    TABLE/TABLE_BANDS case=0000335-78.2024.8.26.0260 p=8
00:03:16   [639/751] cb2d.com.br QGC         NO_ROWS       rows=4    TABLE/TABLE_BANDS case=5119022-07.2020.8.21.0001 p=1
00:03:17   [640/751] cb2d.com.br UNKNOWN     NO_ROWS       rows=0    TABLE/TABLE_BANDS case=5023283-70.2021.8.21.0001 p=2
00:03:23   [641/751] credibilita.com.br UNKNOWN     NO_ROWS       rows=22   TABLE/TABLE_BANDS case=0025258-69.2016.8.16.0021 p=28
00:03:23   [642/751] gatekeeperaj.com.br QGC         QUARANTINED   rows=2    TABLE/TABLE_BANDS case=0000335-78.2024.8.26.0260 p=3
00:03:23   [643/751] gatekeeperaj.com.br QGC         QUARANTINED   rows=42   TABLE/TABLE_BANDS case=0000335-78.2024.8.26.0260 p=7
00:03:23   [644/751] cb2d.com.br UNKNOWN     NO_ROWS       rows=0    TABLE/TABLE_BANDS case=5000949-63.2025.8.24.0536 p=2
00:03:23   [645/751] cb2d.com.br UNKNOWN     NO_ROWS       rows=0    TABLE/TABLE_BANDS case=5032410-66.2020.8.21.0001 p=2
00:03:23   [646/751] cb2d.com.br UNKNOWN     NO_ROWS       rows=0    TABLE/TABLE_BANDS case=0000004-79.1977.8.24.0008 p=3
00:03:23   [647/751] cb2d.com.br AJ_LIST     NO_ROWS       rows=1    TABLE/TABLE_BANDS case=5008570-61.2019.8.21.0001 p=1
00:03:23   [648/751] cb2d.com.br AJ_LIST     NO_ROWS       rows=11   TABLE/TABLE_BANDS case=0244241-57.2016.8.21.0001 p=1
00:03:23   [649/751] acfb.com.br AJ_LIST     NO_ROWS       rows=0    TABLE/TABLE_BANDS case=1024993-78.2019.8.26.0405 p=1
00:03:23   [650/751] acfb.com.br AJ_LIST     NO_ROWS       rows=0    TABLE/TABLE_BANDS case=1097437-54.2019.8.26.0100 p=7
00:03:23   [651/751] acfb.com.br AJ_LIST     NO_ROWS       rows=1    TABLE/TABLE_BANDS case=1097437-54.2019.8.26.0100 p=4
00:04:07   [652/751] ajruiz.com.br ERROR WORKER_EXIT_1: pdfplumber.utils.exceptions.PdfminerException
00:04:07   [653/751] ajruiz.com.br ERROR WORKER_EXIT_1: pdfplumber.utils.exceptions.PdfminerException
00:04:07   [654/751] ajruiz.com.br ERROR WORKER_EXIT_1: pdfplumber.utils.exceptions.PdfminerException
00:04:07   [655/751] ajruiz.com.br HOMOLOG     NO_ROWS       rows=0    TABLE/TABLE_BANDS case=1101292-31.2025.8.26.0100 p=1
00:04:07   [656/751] ajruiz.com.br HOMOLOG     NO_ROWS       rows=0    TABLE/TABLE_BANDS case=1101292-31.2025.8.26.0100 p=3
00:04:07   [657/751] cb2d.com.br ERROR WORKER_EXIT_1: pdfplumber.utils.exceptions.PdfminerException: Unexpected EOF
00:04:07   [658/751] ajruiz.com.br UNKNOWN     NO_ROWS       rows=0    TABLE/TABLE_BANDS case=0000148-67.1996.8.24.0079 p=2
00:04:07   [659/751] ativosajce.com.br UNKNOWN     NO_ROWS       rows=0    TABLE/TABLE_BANDS case=4080577-14.2025.8.26.0100 p=4
00:04:07   [660/751] ativosajce.com.br DEBTOR_LIST QUARANTINED   rows=65   TABLE/TABLE_RULED case=4087055-04.2026.8.26.0100 p=7
00:04:07   [661/751] cb2d.com.br UNKNOWN     NO_ROWS       rows=1    TABLE/TABLE_BANDS case=5033887-56.2022.8.21.0001 p=1
00:04:07   [662/751] cb2d.com.br AJ_LIST     NO_ROWS       rows=3    TABLE/TABLE_BANDS case=5033887-56.2022.8.21.0001 p=1
00:04:07   [663/751] ajruiz.com.br UNKNOWN     QUARANTINED   rows=334  TABLE/TABLE_RULED case=0000148-67.1996.8.24.0079 p=6
00:04:07   [664/751] cb2d.com.br UNKNOWN     NO_ROWS       rows=0    TABLE/TABLE_BANDS case=5000103-57.2006.8.21.0031 p=1
00:04:07   [665/751] ativosajce.com.br AJ_LIST     NO_ROWS       rows=4    TABLE/TABLE_BANDS case=4054599-35.2025.8.26.0100 p=2
00:04:07   [666/751] ajruiz.com.br QGC         QUARANTINED   rows=20   TABLE/TABLE_RULED case=1147368-84.2023.8.26.0100 p=5
00:04:07   [667/751] ajruiz.com.br AJ_LIST     NO_ROWS       rows=0    TABLE/TABLE_BANDS case=1147368-84.2023.8.26.0100 p=1
00:04:07   [668/751] ativosajce.com.br AJ_LIST     QUARANTINED   rows=771  TABLE/TABLE_BANDS case=4054599-35.2025.8.26.0100 p=31
00:04:07   [669/751] ativosajce.com.br DEBTOR_LIST NO_ROWS       rows=0    TABLE/TABLE_BANDS case=4054599-35.2025.8.26.0100 p=3
00:04:07   [670/751] ajruiz.com.br DEBTOR_LIST NO_ROWS       rows=0    TABLE/TABLE_BANDS case=1056683-07.2018.8.26.0100 p=1
00:04:07   [671/751] ajruiz.com.br AJ_LIST     QUARANTINED   rows=881  TABLE/TABLE_RULED case=1056683-07.2018.8.26.0100 p=38
00:04:07   [672/751] cb2d.com.br AJ_LIST     QUARANTINED   rows=20   TABLE/TABLE_BANDS case=5108608-76.2022.8.21.0001 p=2
00:04:07   [673/751] ativosajce.com.br AJ_LIST     NO_ROWS       rows=0    TABLE/TABLE_BANDS case=1000400-31.2025.8.26.0354 p=2
00:04:07   [674/751] ativosajce.com.br AJ_LIST     QUARANTINED   rows=80   TABLE/TABLE_BANDS case=1000400-31.2025.8.26.0354 p=13
00:04:07   [675/751] ativosajce.com.br AJ_LIST     NO_ROWS       rows=0    TABLE/TABLE_BANDS case=1000400-31.2025.8.26.0354 p=2
00:04:07   [676/751] cb2d.com.br AJ_LIST     QUARANTINED   rows=14   TABLE/TABLE_BANDS case=5001449-68.2023.8.21.0024 p=2
00:04:07   [677/751] ativosajce.com.br UNKNOWN     NO_ROWS       rows=34   TABLE/TABLE_RULED case=1000400-31.2025.8.26.0354 p=1
00:04:07   [678/751] ativosajce.com.br AJ_LIST     QUARANTINED   rows=239  TABLE/TABLE_RULED case=1000278-43.2024.8.26.0260 p=48
00:04:09   [679/751] ativosajce.com.br AJ_LIST     QUARANTINED   rows=79   TABLE/TABLE_RULED case=1000278-43.2024.8.26.0260 p=23
00:04:09   [680/751] ativosajce.com.br AJ_LIST     NO_ROWS       rows=0    TABLE/TABLE_BANDS case=1000278-43.2024.8.26.0260 p=2
00:04:09   [681/751] recuperasolucoes.com AJ_LIST     QUARANTINED   rows=20   PROSE/PROSE case=0085817-92.2023.8.17.2001 p=3
00:04:16   [682/751] ativosajce.com.br AJ_LIST     QUARANTINED   rows=129  TABLE/TABLE_BANDS case=1000278-43.2024.8.26.0260 p=3
00:04:16   [683/751] ajruiz.com.br UNKNOWN     QUARANTINED   rows=271  TABLE/TABLE_BANDS case=0000148-67.1996.8.24.0079 p=20
00:04:16   [684/751] ajruiz.com.br QGC         QUARANTINED   rows=102  TABLE/TABLE_RULED case=5008793-34.2023.8.24.0019 p=2
00:04:16   [685/751] ativosajce.com.br QGC         QUARANTINED   rows=427  TABLE/TABLE_RULED case=1010468-75.2015.8.26.0100 p=19
00:04:16   [686/751] ajruiz.com.br QGC         QUARANTINED   rows=103  TABLE/TABLE_RULED case=5008793-34.2023.8.24.0019 p=2
00:04:16   [687/751] recuperasolucoes.com UNKNOWN     QUARANTINED   rows=345  PROSE/PROSE case=0002325-43.2026.8.17.2990 p=10
00:04:16   [688/751] ajruiz.com.br UNKNOWN     NO_ROWS       rows=0    TABLE/TABLE_BANDS case=0000148-67.1996.8.24.0079 p=8
00:04:16   [689/751] recuperasolucoes.com DEBTOR_LIST QUARANTINED   rows=133  PROSE/PROSE case=0009971-62.2026.8.17.2810 p=5
00:04:16   [690/751] ajruiz.com.br UNKNOWN     NO_ROWS       rows=0    TABLE/TABLE_BANDS case=0000148-67.1996.8.24.0079 p=4
00:04:16   [691/751] ativosajce.com.br AJ_LIST     QUARANTINED   rows=13   TABLE/TABLE_BANDS case=1010468-75.2015.8.26.0100 p=47
00:04:16   [692/751] cb2d.com.br QGC         NO_ROWS       rows=1    TABLE/TABLE_BANDS case=5127763-65.2022.8.21.0001 p=1
00:04:16   [693/751] ativosajce.com.br AJ_LIST     NO_ROWS       rows=0    TABLE/TABLE_BANDS case=4000064-73.2025.8.26.0354 p=2
00:04:16   [694/751] recuperasolucoes.com UNKNOWN     QUARANTINED   rows=26   TABLE/TABLE_BANDS case=0068535-07.2024.8.17.2001 p=26
00:04:17   [695/751] bbsadvogados.com.br AJ_LIST     QUARANTINED   rows=114  TABLE/TABLE_RULED case=0103400-72.2024.8.16.0000 p=4
00:04:17   [696/751] ajruiz.com.br AJ_LIST     QUARANTINED   rows=16   TABLE/TABLE_BANDS case=4000167-23.2025.8.26.0373 p=2
00:04:17   [697/751] ativosajce.com.br UNKNOWN     NO_ROWS       rows=0    TABLE/TABLE_BANDS case=1000117-72.2020.8.26.0260 p=1
00:04:47   [698/751] ajruiz.com.br DEBTOR_LIST QUARANTINED   rows=2399 TABLE/TABLE_RULED case=0000148-67.1996.8.24.0079 p=44
00:05:09   [699/751] ajruiz.com.br ERROR WORKER_EXIT_1: pdfplumber.utils.exceptions.PdfminerException
00:05:09   [700/751] bbsadvogados.com.br AJ_LIST     QUARANTINED   rows=40   TABLE/TABLE_BANDS case=5028800-87.2023.8.24.0038 p=2
00:05:09   [701/751] ajruiz.com.br AJ_LIST     QUARANTINED   rows=2400 TABLE/TABLE_BANDS case=1039842-97.2019.8.26.0100 p=38
00:05:09   [702/751] ajruiz.com.br QGC         NO_ROWS       rows=11   TABLE/TABLE_BANDS case=1039842-97.2019.8.26.0100 p=46
00:05:09   [703/751] ajruiz.com.br DEBTOR_LIST QUARANTINED   rows=15   TABLE/TABLE_BANDS case=1039842-97.2019.8.26.0100 p=57
00:05:09   [704/751] bbsadvogados.com.br AJ_LIST     QUARANTINED   rows=18   TABLE/TABLE_RULED case=1036403-05.2024.8.26.0100 p=9
00:05:09   [705/751] ativosajce.com.br AJ_LIST     QUARANTINED   rows=12   TABLE/TABLE_BANDS case=1000166-31.2025.8.26.0554 p=8
00:05:09   [706/751] ativosajce.com.br DEBTOR_LIST NO_ROWS       rows=1    TABLE/TABLE_BANDS case=1000174-17.2025.8.26.0260 p=1
00:05:09   [707/751] ativosajce.com.br AJ_LIST     NO_ROWS       rows=2    TABLE/TABLE_BANDS case=1001174-80.2024.8.26.0359 p=3
00:05:09   [708/751] bbsadvogados.com.br AJ_LIST     NO_ROWS       rows=0    TABLE/TABLE_BANDS case=0016951-30.2019.8.16.0019 p=4
00:05:09   [709/751] ativosajce.com.br AJ_LIST     NO_ROWS       rows=2    TABLE/TABLE_BANDS case=1001174-80.2024.8.26.0359 p=3
00:05:09   [710/751] bbsadvogados.com.br AJ_LIST     NO_ROWS       rows=0    TABLE/TABLE_BANDS case=0046880-92.2025.8.16.0021 p=5
00:05:09   [711/751] ativosajce.com.br AJ_LIST     QUARANTINED   rows=43   TABLE/TABLE_BANDS case=1001174-80.2024.8.26.0359 p=11
00:05:09   [712/751] ajruiz.com.br UNKNOWN     QUARANTINED   rows=501  TABLE/TABLE_RULED case=4002059-56.2025.8.26.0408 p=24
00:05:09   [713/751] ativosajce.com.br UNKNOWN     NO_ROWS       rows=0    TABLE/TABLE_BANDS case=1001174-80.2024.8.26.0359 p=1
00:05:10   [714/751] ajruiz.com.br QGC         QUARANTINED   rows=302  TABLE/TABLE_RULED case=4000332-28.2026.8.26.0408 p=7
00:05:10   [715/751] ajruiz.com.br UNKNOWN     NO_ROWS       rows=0    TABLE/TABLE_BANDS case=4000332-28.2026.8.26.0408 p=2
00:05:10   [716/751] ativosajce.com.br QGC         NO_ROWS       rows=0    TABLE/TABLE_BANDS case=1000197-12.2025.8.26.0373 p=4
00:05:10   [717/751] bbsadvogados.com.br UNKNOWN     NO_ROWS       rows=0    TABLE/TABLE_BANDS case=1036403-05.2024.8.26.0100 p=8
00:05:10   [718/751] ajruiz.com.br QGC         OK            rows=97   TABLE/TABLE_RULED case=0000148-67.1996.8.24.0079 p=11
00:05:10   [719/751] bbsadvogados.com.br AJ_LIST     NO_ROWS       rows=0    TABLE/TABLE_BANDS case=0003232-89.2024.8.16.0185 p=2
00:05:10   [720/751] ativosajce.com.br UNKNOWN     NO_ROWS       rows=0    TABLE/TABLE_BANDS case=1000197-12.2025.8.26.0373 p=3
00:05:10   [721/751] ativosajce.com.br UNKNOWN     NO_ROWS       rows=0    TABLE/TABLE_BANDS case=1000197-12.2025.8.26.0373 p=4
00:05:10   [722/751] ativosajce.com.br AJ_LIST     QUARANTINED   rows=153  TABLE/TABLE_BANDS case=1000197-12.2025.8.26.0373 p=11
00:05:10   [723/751] ajruiz.com.br AJ_LIST     QUARANTINED   rows=50   TABLE/TABLE_RULED case=1059817-42.2018.8.26.0100 p=16
00:05:10   [724/751] ativosajce.com.br DEBTOR_LIST NO_ROWS       rows=0    TABLE/TABLE_BANDS case=1000040-39.2025.8.26.0373 p=1
00:05:10   [725/751] ativosajce.com.br QGC         NO_ROWS       rows=138  TABLE/TABLE_RULED case=1000197-12.2025.8.26.0373 p=6
00:05:10   [726/751] ativosajce.com.br AJ_LIST     NO_ROWS       rows=0    TABLE/TABLE_BANDS case=1000119-75.2025.8.26.0354 p=2
00:05:10   [727/751] ativosajce.com.br AJ_LIST     NO_ROWS       rows=0    TABLE/TABLE_BANDS case=1000119-75.2025.8.26.0354 p=4
00:05:10   [728/751] ajruiz.com.br AJ_LIST     QUARANTINED   rows=5    TABLE/TABLE_BANDS case=1001781-65.2025.8.26.0260 p=2
00:05:10   [729/751] ativosajce.com.br AJ_LIST     QUARANTINED   rows=121  TABLE/TABLE_BANDS case=1000119-75.2025.8.26.0354 p=11
00:05:10   [730/751] ativosajce.com.br DEBTOR_LIST NO_ROWS       rows=1    TABLE/TABLE_BANDS case=1000119-75.2025.8.26.0354 p=1
00:05:10   [731/751] ajruiz.com.br UNKNOWN     NO_ROWS       rows=0    TABLE/TABLE_BANDS case=0000148-67.1996.8.24.0079 p=1
00:05:11   [732/751] recuperasolucoes.com UNKNOWN     QUARANTINED   rows=489  TABLE/TABLE_RULED case=0009971-62.2026.8.17.2810 p=100
00:05:11   [733/751] ajruiz.com.br QGC         QUARANTINED   rows=299  TABLE/TABLE_RULED case=1000203-38.2023.8.26.0260 p=20
00:05:11   [734/751] ativosajce.com.br AJ_LIST     QUARANTINED   rows=524  TABLE/TABLE_BANDS case=1189223-09.2024.8.26.0100 p=7
00:05:11   [735/751] ajruiz.com.br AJ_LIST     QUARANTINED   rows=28   TABLE/TABLE_BANDS case=1000203-38.2023.8.26.0260 p=3
00:05:11   [736/751] ajruiz.com.br QGC         QUARANTINED   rows=19   TABLE/TABLE_RULED case=1000203-38.2023.8.26.0260 p=12
00:05:11   [737/751] ativosajce.com.br AJ_LIST     QUARANTINED   rows=547  TABLE/TABLE_BANDS case=1189223-09.2024.8.26.0100 p=19
00:05:11   [738/751] ativosajce.com.br AJ_LIST     NO_ROWS       rows=2    TABLE/TABLE_BANDS case=1152761-87.2023.8.26.0100 p=1
00:05:11   [739/751] recuperasolucoes.com DEBTOR_LIST QUARANTINED   rows=20   PROSE/PROSE case=0068535-07.2024.8.17.2001 p=5
00:05:11   [740/751] ajruiz.com.br UNKNOWN     QUARANTINED   rows=540  TABLE/TABLE_RULED case=4027947-44.2026.8.26.0100 p=15
00:05:11   [741/751] recuperasolucoes.com AJ_LIST     QUARANTINED   rows=20   PROSE/PROSE case=0068535-07.2024.8.17.2001 p=20
00:05:11   [742/751] recuperasolucoes.com AJ_LIST     QUARANTINED   rows=20   PROSE/PROSE case=0068535-07.2024.8.17.2001 p=3
00:05:11   [743/751] ativosajce.com.br AJ_LIST     QUARANTINED   rows=175  TABLE/TABLE_RULED case=1002360-47.2024.8.26.0260 p=5
00:05:11   [744/751] ativosajce.com.br QGC         QUARANTINED   rows=194  TABLE/TABLE_RULED case=1000386-43.2022.8.26.0260 p=18
00:05:11   [745/751] ativosajce.com.br AJ_LIST     QUARANTINED   rows=19   TABLE/TABLE_BANDS case=1025532-14.2021.8.26.0554 p=5
00:05:11   [746/751] recuperasolucoes.com DEBTOR_LIST QUARANTINED   rows=19   PROSE/PROSE case=0085817-92.2023.8.17.2001 p=5
00:05:11   [747/751] ativosajce.com.br AJ_LIST     NO_ROWS       rows=0    TABLE/TABLE_BANDS case=1000386-43.2022.8.26.0260 p=1
00:05:12   [748/751] recuperasolucoes.com AJ_LIST     QUARANTINED   rows=20   PROSE/PROSE case=0085817-92.2023.8.17.2001 p=20
00:06:18   [749/751] ativosajce.com.br UNKNOWN     NO_ROWS       rows=0    TABLE/TABLE_BANDS case=1000386-43.2022.8.26.0260 p=39
00:06:18   [750/751] ativosajce.com.br UNKNOWN     QUARANTINED   rows=812  TABLE/TABLE_RULED case=1000386-43.2022.8.26.0260 p=48
00:06:18   [751/751] ativosajce.com.br AJ_LIST     NO_ROWS       rows=1    TABLE/TABLE_BANDS case=1000016-39.2023.8.26.0354 p=2
00:06:18 ingest: {'OK_NO_TOTALS': 162, 'QUARANTINED': 276, 'OK': 26, 'NO_ROWS': 231, 'NO_TEXT_LAYER': 22, 'ERROR': 34}
00:06:19 targets: 1067 at/above R$200k · 310 pooling (100–200k) · 4128 below · 497 exact dupes skipped · 386 cases
00:06:19 enrich: 34 companies to look up (throttled)
00:06:36   enrich 25/34  hit=25 miss=0
00:06:42 enrich done: hit=34 miss=0
00:06:46 xlsx: {'floor': 559, 'pool': 236, 'docs': 1199, 'cases': 534, 'needs_cnpj': 1063, 'diff_rows': 124} → /home/user/Anteparo/data/out/ANTEPARO_call_sheet.xlsx
00:06:46 diff vs Drive sheet: {'CHANGED': 10, 'SAME': 7, 'NOT_IN_NEW_RUN': 107}
00:06:46 report.md written
00:06:46 PHASE 1 DONE
