22:45:47 run 20260903T224547Z-8ba3b8
22:45:55   [1/580] lrflideres.com.br UNKNOWN     OK_NO_TOTALS  rows=610  TABLE/TABLE_RULED case=0000742-29.2017.8.17.3090 p=23
22:45:56   [2/580] lrflideres.com.br UNKNOWN     OK_NO_TOTALS  rows=7    TABLE/TABLE_RULED case=0000742-29.2017.8.17.3090 p=31
22:45:57   [3/580] lrflideres.com.br UNKNOWN     OK            rows=80   TABLE/TABLE_RULED case=0000206-69.2013.8.17.1340 p=3
22:45:57   [4/580] lrflideres.com.br UNKNOWN     OK            rows=2    TABLE/TABLE_RULED case=0000206-69.2013.8.17.1340 p=1
22:45:58   [5/580] lrflideres.com.br UNKNOWN     OK            rows=133  TABLE/TABLE_RULED case=0000206-69.2013.8.17.1340 p=4
22:46:00   [6/580] bernardobicalho.com.br UNKNOWN     OK_NO_TOTALS  rows=9    TABLE/TABLE_BANDS case=3289322-33.2013.8.13.0024 p=8
22:46:01   [7/580] bernardobicalho.com.br AJ_LIST     OK            rows=100  TABLE/TABLE_RULED case=None p=4
22:46:01   [8/580] recuperacaojudicial.squarespace.com AJ_LIST     QUARANTINED   rows=45   TABLE/TABLE_RULED case=0800778-16.2023.8.20.5104 p=8
22:46:02   [9/580] 3fmodas.madgav.com.br QGC         OK_NO_TOTALS  rows=8    TABLE/TABLE_RULED case=5315944-66.2023.8.13.0024 p=12
22:46:03   [10/580] administradorajudicialgs.com.br QGC         OK_NO_TOTALS  rows=196  PROSE/PROSE case=0301015-33.2016.8.24.0031 p=4
22:46:05   [11/580] ajbrajalveiga.com.br AJ_LIST     OK_NO_TOTALS  rows=95   TABLE/TABLE_BANDS case=0652260-87.2018.8.04.0001 p=7
22:46:06   [12/580] arquivos.integrawebsites.com.br UNKNOWN     QUARANTINED   rows=63   TABLE/TABLE_RULED case=5281407-42.2021.8.09.0051 p=6
22:46:07   [13/580] assistjud.com.br AJ_LIST     OK_NO_TOTALS  rows=199  TABLE/TABLE_RULED case=8005129-09.2023.8.05.0039 p=23
22:46:08   [14/580] bbsadvogados.com.br DEBTOR_LIST QUARANTINED   rows=23   PROSE/PROSE case=5028800-87.2023.8.24.0038 p=2
22:46:09   [15/580] brasiltrustee.com.br QGC         OK_NO_TOTALS  rows=0    TABLE/TABLE_BANDS case=1102669-23.2014.8.26.0100 p=2
22:46:09   [16/580] bugarimecoelho.com.br QGC         QUARANTINED   rows=0    TABLE/TABLE_RULED case=0214287-36.2023.8.06.0001 p=3
22:46:11   [17/580] cdn.dol.com.br AJ_LIST     QUARANTINED   rows=146  PROSE/PROSE case=0820780-23.2026.8.14.0301 p=4
22:46:12   [18/580] credibilita.com.br AJ_LIST     OK_NO_TOTALS  rows=0    TABLE/TABLE_BANDS case=0001217-89.2020.8.16.0185 p=3
22:46:13   [19/580] csh.adv.br DEBTOR_LIST OK_NO_TOTALS  rows=10   TABLE/TABLE_BANDS case=0871065-72.2024.8.12.0001 p=4
22:46:21   [20/580] diario.tjrr.jus.br UNKNOWN     OK_NO_TOTALS  rows=69   TABLE/TABLE_BANDS case=None p=81
22:46:37   [21/580] diario.tjrr.jus.br UNKNOWN     OK_NO_TOTALS  rows=181  TABLE/TABLE_RULED case=None p=120
22:46:37   [22/580] diligence.adm.br UNKNOWN     NO_TEXT_LAYER rows=0    NONE/ case=None p=10
22:46:38   [23/580] diligence.adm.br QGC         OK_NO_TOTALS  rows=93   PROSE/PROSE case=0010173-64.2023.8.17.2480 p=4
22:46:39   [24/580] diligence.adm.br DEBTOR_LIST OK            rows=143  PROSE/PROSE case=0008526-45.2025.8.17.2001 p=7
22:46:40   [25/580] gatekeeperaj.com.br QGC         OK_NO_TOTALS  rows=0    TABLE/TABLE_BANDS case=0074372-48.1999.8.26.0100 p=2
22:46:40   [26/580] inova-aj.com.br QGC         OK            rows=16   TABLE/TABLE_RULED case=0022066-39.2018.8.19.0001 p=1
22:46:41   [27/580] lrflideres.com.br AJ_LIST     OK            rows=150  PROSE/PROSE case=0829315-43.2023.8.15.0001 p=3
22:46:43   [28/580] lrflideres.com.br DEBTOR_LIST OK_NO_TOTALS  rows=2    TABLE/TABLE_BANDS case=0019289-97.2025.8.06.0001 p=8
22:46:43   [29/580] lrflideres.com.br AJ_LIST     OK            rows=27   PROSE/PROSE case=0804401-51.2025.8.14.0039 p=2
22:46:44   [30/580] lrflideres.com.br DEBTOR_LIST OK_NO_TOTALS  rows=4    TABLE/TABLE_BANDS case=0037082-72.2016.8.17.2001 p=6
22:46:45   [31/580] lrflideres.com.br UNKNOWN     OK_NO_TOTALS  rows=78   TABLE/TABLE_RULED case=0003283-70.2015.8.17.2810 p=11
22:46:46   [32/580] lrflideres.com.br AJ_LIST     OK_NO_TOTALS  rows=0    PROSE/PROSE case=0818837-44.2021.8.15.0001 p=2
22:46:48   [33/580] lrflideres.com.br DEBTOR_LIST OK_NO_TOTALS  rows=3    TABLE/TABLE_BANDS case=0000869-62.2019.8.17.2001 p=6
22:46:49   [34/580] lrflideres.com.br AJ_LIST     QUARANTINED   rows=40   PROSE/PROSE case=0804204-35.2022.8.15.0731 p=2
22:46:50   [35/580] lrflideres.com.br AJ_LIST     OK            rows=92   PROSE/PROSE case=0824037-95.2022.8.15.0001 p=3
22:46:59   [36/580] lrflideres.com.br AJ_LIST     QUARANTINED   rows=307  PROSE/PROSE case=0829315-43.2023.8.15.0001 p=22
22:47:00   [37/580] lrflideres.com.br DEBTOR_LIST OK_NO_TOTALS  rows=1    TABLE/TABLE_BANDS case=0212099-02.2025.8.06.0001 p=5
22:47:04   [38/580] lrflideres.com.br UNKNOWN     OK_NO_TOTALS  rows=5    TABLE/TABLE_BANDS case=0802656-15.2026.8.18.0031 p=33
22:47:06   [39/580] realbrasil.com.br QGC         QUARANTINED   rows=22   TABLE/TABLE_RULED case=0016474-19.2022.8.03.0001 p=24
22:47:06   [40/580] recuperacaojudicial.servi-san.com.br AJ_LIST     OK_NO_TOTALS  rows=0    TABLE/TABLE_BANDS case=0808677-83.2017.8.18.0140 p=2
22:47:07   [41/580] recuperacaojudicial.squarespace.com AJ_LIST     QUARANTINED   rows=67   PROSE/PROSE case=0706250-76.2020.8.02.0001 p=3
22:47:09   [42/580] recuperacaojudicial.squarespace.com AJ_LIST     QUARANTINED   rows=27   TABLE/TABLE_RULED case=0705602-96.2020.8.02.0001 p=30
22:47:10   [43/580] recuperacaojudicial.squarespace.com UNKNOWN     OK_NO_TOTALS  rows=20   TABLE/TABLE_BANDS case=0802299-53.2019.8.20.5001 p=7
22:47:12   [44/580] recuperacaojudicial.squarespace.com AJ_LIST     OK_NO_TOTALS  rows=180  PROSE/PROSE case=0000407-22.2008.8.02.0025 p=9
22:47:13   [45/580] recuperacaojudicial.squarespace.com AJ_LIST     OK_NO_TOTALS  rows=22   PROSE/PROSE case=0030621-63.2011.8.02.0001 p=3
22:47:14   [46/580] ricardobiancardi.com.br QGC         QUARANTINED   rows=3    TABLE/TABLE_BANDS case=1056931-09.1998.8.08.0024 p=2
22:47:14   [47/580] rlg-aj.com.br QGC         OK_NO_TOTALS  rows=1    TABLE/TABLE_BANDS case=5001743-15.2025.8.08.0024 p=2
22:47:15   [48/580] s.cholet.com.br AJ_LIST     OK_NO_TOTALS  rows=6    TABLE/TABLE_BANDS case=0260100-52.2024.8.06.0001 p=9
22:47:17   [49/580] stenius.com.br DEBTOR_LIST OK_NO_TOTALS  rows=14   TABLE/TABLE_BANDS case=5671108-67.2023.8.09.0051 p=12
22:47:17   [50/580] valorizejudicial.nyc3.digitaloceanspaces.com AJ_LIST     OK_NO_TOTALS  rows=2    TABLE/TABLE_BANDS case=None p=1
22:47:19   [51/580] vivanteaj.com.br UNKNOWN     OK_NO_TOTALS  rows=61   TABLE/TABLE_BANDS case=0824184-31.2016.8.20.5001 p=11
22:47:20   [52/580] vivanteaj.com.br DEBTOR_LIST QUARANTINED   rows=111  PROSE/PROSE case=0807423-41.2024.8.20.5001 p=5
22:47:21   [53/580] vivanteaj.com.br QGC         QUARANTINED   rows=254  TABLE/TABLE_RULED case=None p=6
22:47:21   [54/580] vtladm.com.br QGC         OK_NO_TOTALS  rows=6    PROSE/PROSE case=0704506-58.2023.8.07.0015 p=1
22:47:22   [55/580] bugarimecoelho.com.br QGC         OK_NO_TOTALS  rows=5    TABLE/TABLE_RULED case=0276159-86.2022.8.06.0001 p=2
22:47:24   [56/580] cb2d.com.br DEBTOR_LIST OK_NO_TOTALS  rows=1    TABLE/TABLE_BANDS case=5000908-96.2025.8.24.0536 p=12
22:47:24   [57/580] karenrosa.adv.br UNKNOWN     NO_TEXT_LAYER rows=0    NONE/ case=None p=6
22:47:27   [58/580] tjdft.jus.br AJ_LIST     OK_NO_TOTALS  rows=2    TABLE/TABLE_BANDS case=0729900-93.2025.8.07.0016 p=16
22:47:28   [59/580] tjdft.jus.br UNKNOWN     OK_NO_TOTALS  rows=10   TABLE/TABLE_BANDS case=5746053-87.2025.8.09.0137 p=16
22:47:28   [60/580] vcpericia.com.br AJ_LIST     OK_NO_TOTALS  rows=5    PROSE/PROSE case=0803277-80.2020.8.12.0001 p=2
22:47:29   [61/580] vcpericia.com.br AJ_LIST     QUARANTINED   rows=49   PROSE/PROSE case=0829810-08.2022.8.12.0001 p=6
22:47:30   [62/580] vcpericia.com.br AJ_LIST     QUARANTINED   rows=33   PROSE/PROSE case=0813265-83.2024.8.12.0002 p=6
22:47:33   [63/580] diligence.adm.br AJ_LIST     OK_NO_TOTALS  rows=198  TABLE/TABLE_RULED case=0002316-40.2012.8.17.0220 p=26
22:47:35   [64/580] diligence.adm.br UNKNOWN     OK_NO_TOTALS  rows=138  TABLE/TABLE_RULED case=0002316-40.2012.8.17.0220 p=12
22:47:35   [65/580] diligence.adm.br UNKNOWN     NO_TEXT_LAYER rows=0    NONE/ case=0108923-15.2025.8.17.2001 p=0
22:47:36   [66/580] cataliseaj.com.br UNKNOWN     OK_NO_TOTALS  rows=358  TABLE/TABLE_BANDS case=5045407-81.2020.8.21.0001 p=21
22:47:37   [67/580] cataliseaj.com.br QGC         QUARANTINED   rows=176  TABLE/TABLE_RULED case=5045407-81.2020.8.21.0001 p=10
22:47:38   [68/580] cataliseaj.com.br QGC         OK_NO_TOTALS  rows=4    TABLE/TABLE_BANDS case=5073632-14.2020.8.21.0001 p=1
22:47:40   [69/580] diligence.adm.br DEBTOR_LIST QUARANTINED   rows=788  PROSE/PROSE case=0108923-15.2025.8.17.2001 p=16
22:47:40   [70/580] cataliseaj.com.br UNKNOWN     NO_TEXT_LAYER rows=0    NONE/ case=None p=10
22:47:40   [71/580] cataliseaj.com.br UNKNOWN     NO_TEXT_LAYER rows=0    NONE/ case=None p=5
22:47:45   [72/580] diligence.adm.br DEBTOR_LIST QUARANTINED   rows=761  PROSE/PROSE case=0108923-15.2025.8.17.2001 p=14
22:47:46   [73/580] cataliseaj.com.br QGC         OK_NO_TOTALS  rows=147  PROSE/PROSE case=5087077-02.2020.8.21.0001 p=3
22:47:46   [74/580] cataliseaj.com.br QGC         OK_NO_TOTALS  rows=3    TABLE/TABLE_BANDS case=5087077-02.2020.8.21.0001 p=1
22:47:52   [75/580] diligence.adm.br AJ_LIST     OK_NO_TOTALS  rows=21   PROSE/PROSE case=0108923-15.2025.8.17.2001 p=39
22:47:52   [76/580] cataliseaj.com.br QGC         OK_NO_TOTALS  rows=144  PROSE/PROSE case=5087077-02.2020.8.21.0001 p=2
22:47:54   [77/580] diligence.adm.br UNKNOWN     QUARANTINED   rows=517  PROSE/PROSE case=0108923-15.2025.8.17.2001 p=12
22:47:54   [78/580] cataliseaj.com.br AJ_LIST     OK_NO_TOTALS  rows=78   PROSE/PROSE case=5087077-02.2020.8.21.0001 p=2
22:47:55   [79/580] cataliseaj.com.br AJ_LIST     OK_NO_TOTALS  rows=7    TABLE/TABLE_BANDS case=5087077-02.2020.8.21.0001 p=2
22:47:58   [80/580] diligence.adm.br AJ_LIST     QUARANTINED   rows=501  PROSE/PROSE case=0108923-15.2025.8.17.2001 p=9
22:47:59   [81/580] diligence.adm.br AJ_LIST     OK_NO_TOTALS  rows=1    TABLE/TABLE_BANDS case=0012922-23.2003.8.17.0001 p=4
22:47:59   [82/580] diligence.adm.br AJ_LIST     OK_NO_TOTALS  rows=1    TABLE/TABLE_BANDS case=0012922-23.2003.8.17.0001 p=2
22:48:00   [83/580] recuperacaojudicial.squarespace.com UNKNOWN     OK_NO_TOTALS  rows=97   TABLE/TABLE_BANDS case=0034582-54.1995.8.17.0001 p=9
22:48:01   [84/580] diligence.adm.br QGC         QUARANTINED   rows=106  PROSE/PROSE case=0000206-72.2017.8.17.2490 p=5
22:48:17   [85/580] recuperacaojudicial.squarespace.com QGC         OK_NO_TOTALS  rows=8009 TABLE/TABLE_BANDS case=0034582-54.1995.8.17.0001 p=189
22:48:17   [86/580] cataliseaj.com.br UNKNOWN     NO_TEXT_LAYER rows=0    NONE/ case=5009474-18.2019.8.21.0022 p=10
22:48:18   [87/580] diligence.adm.br AJ_LIST     QUARANTINED   rows=113  TABLE/TABLE_RULED case=0000206-72.2017.8.17.2490 p=8
22:48:20   [88/580] cataliseaj.com.br UNKNOWN     OK_NO_TOTALS  rows=104  TABLE/TABLE_RULED case=0020265-79.2017.5.04.0102 p=3
22:48:22   [89/580] cataliseaj.com.br AJ_LIST     QUARANTINED   rows=249  TABLE/TABLE_BANDS case=5009474-18.2019.8.21.0022 p=19
22:48:22   [90/580] diligence.adm.br AJ_LIST     QUARANTINED   rows=100  PROSE/PROSE case=0000206-72.2017.8.17.2490 p=3
22:48:22   [91/580] cataliseaj.com.br UNKNOWN     OK_NO_TOTALS  rows=1    PROSE/PROSE case=5009367-03.2021.8.21.0022 p=1
22:48:24   [92/580] scalzilliaj.com.br AJ_LIST     OK_NO_TOTALS  rows=9    TABLE/TABLE_BANDS case=0041329-20.2011.8.21.0010 p=2
22:49:40   [93/580] recuperacaojudicial.squarespace.com UNKNOWN     OK_NO_TOTALS  rows=8992 TABLE/TABLE_RULED case=0034582-54.1995.8.17.0001 p=155
22:49:41   [94/580] diligence.adm.br UNKNOWN     OK_NO_TOTALS  rows=201  TABLE/TABLE_RULED case=0000880-57.2020.8.17.2001 p=4
22:49:42   [95/580] recuperacaojudicial.squarespace.com UNKNOWN     OK_NO_TOTALS  rows=1    TABLE/TABLE_BANDS case=0034582-54.1995.8.17.0001 p=3
22:49:42   [96/580] diligence.adm.br UNKNOWN     OK_NO_TOTALS  rows=81   TABLE/TABLE_RULED case=0000880-57.2020.8.17.2001 p=2
22:49:53   [97/580] cataliseaj.com.br UNKNOWN     NO_TEXT_LAYER rows=0    NONE/ case=0000312-16.2008.8.24.0013 p=4
22:49:59   [98/580] scalzilliaj.com.br UNKNOWN     OK_NO_TOTALS  rows=807  TABLE/TABLE_BANDS case=None p=48
22:49:59   [99/580] recuperacaojudicial.squarespace.com UNKNOWN     OK_NO_TOTALS  rows=1    PROSE/PROSE case=0034582-54.1995.8.17.0001 p=2
22:49:59   [100/580] diligence.adm.br AJ_LIST     OK_NO_TOTALS  rows=38   TABLE/TABLE_BANDS case=0000880-57.2020.8.17.2001 p=1
22:50:01   [101/580] cataliseaj.com.br UNKNOWN     OK_NO_TOTALS  rows=128  TABLE/TABLE_RULED case=5003572-94.2020.8.21.0072 p=7
22:50:12   [102/580] scalzilliaj.com.br UNKNOWN     OK_NO_TOTALS  rows=870  TABLE/TABLE_RULED case=5001625-18.2022.8.24.0018 p=16
22:50:13   [103/580] cataliseaj.com.br QGC         QUARANTINED   rows=125  PROSE/PROSE case=5003572-94.2020.8.21.0072 p=3
22:50:14   [104/580] recuperacaojudicial.squarespace.com DEBTOR_LIST QUARANTINED   rows=4    PROSE/PROSE case=0700087-51.2020.8.02.0043 p=5
22:50:15   [105/580] recuperacaojudicial.squarespace.com AJ_LIST     OK_NO_TOTALS  rows=20   TABLE/TABLE_RULED case=0700087-51.2020.8.02.0043 p=10
22:50:23   [106/580] scalzilliaj.com.br QGC         OK_NO_TOTALS  rows=866  TABLE/TABLE_RULED case=5001625-18.2022.8.24.0018 p=30
22:50:24   [107/580] cataliseaj.com.br UNKNOWN     OK_NO_TOTALS  rows=8    TABLE/TABLE_BANDS case=5245072-73.2023.8.21.0001 p=2
22:50:25   [108/580] diligence.adm.br DEBTOR_LIST OK_NO_TOTALS  rows=233  PROSE/PROSE case=0000880-57.2020.8.17.2001 p=6
22:50:33   [109/580] scalzilliaj.com.br QGC         OK_NO_TOTALS  rows=818  TABLE/TABLE_RULED case=5001625-18.2022.8.24.0018 p=29
22:50:34   [110/580] cataliseaj.com.br AJ_LIST     OK_NO_TOTALS  rows=4    TABLE/TABLE_BANDS case=5240968-38.2023.8.21.0001 p=2
22:50:34   [111/580] recuperacaojudicial.squarespace.com AJ_LIST     QUARANTINED   rows=6    PROSE/PROSE case=0700087-51.2020.8.02.0043 p=3
22:50:35   [112/580] lrflideres.com.br UNKNOWN     OK_NO_TOTALS  rows=0    TABLE/TABLE_BANDS case=0000206-69.2013.8.17.1340 p=3
22:50:39   [113/580] cataliseaj.com.br DEBTOR_LIST OK_NO_TOTALS  rows=269  TABLE/TABLE_BANDS case=5009671-74.2022.8.21.0019 p=7
22:50:41   [114/580] diligence.adm.br AJ_LIST     OK_NO_TOTALS  rows=313  TABLE/TABLE_RULED case=0000880-57.2020.8.17.2001 p=12
22:50:41   [115/580] recuperacaojudicial.squarespace.com AJ_LIST     OK            rows=8    TABLE/TABLE_RULED case=0700087-51.2020.8.02.0043 p=4
22:50:46   [116/580] scalzilliaj.com.br AJ_LIST     OK_NO_TOTALS  rows=2068 PROSE/PROSE case=5012306-16.2022.8.21.0023 p=31
22:50:47   [117/580] lrflideres.com.br AJ_LIST     QUARANTINED   rows=120  PROSE/PROSE case=0062771-12.2013.8.17.0001 p=2
22:50:49   [118/580] cataliseaj.com.br DEBTOR_LIST OK_NO_TOTALS  rows=118  TABLE/TABLE_RULED case=5011460-87.2023.8.24.0020 p=4
22:50:51   [119/580] recuperacaojudicial.squarespace.com DEBTOR_LIST QUARANTINED   rows=4    PROSE/PROSE case=0720420-24.2018.8.02.0001 p=3
22:50:59   [120/580] scalzilliaj.com.br AJ_LIST     OK_NO_TOTALS  rows=2054 PROSE/PROSE case=5012306-16.2022.8.21.0023 p=34
22:51:00   [121/580] recuperacaojudicial.squarespace.com AJ_LIST     QUARANTINED   rows=272  PROSE/PROSE case=0730042-64.2017.8.02.0001 p=3
22:51:01   [122/580] cataliseaj.com.br QGC         OK_NO_TOTALS  rows=11   TABLE/TABLE_BANDS case=5045407-81.2020.8.21.0001 p=4
22:51:04   [123/580] diligence.adm.br AJ_LIST     OK_NO_TOTALS  rows=317  TABLE/TABLE_RULED case=0000880-57.2020.8.17.2001 p=13
22:51:05   [124/580] lrflideres.com.br AJ_LIST     QUARANTINED   rows=120  PROSE/PROSE case=0062771-12.2013.8.17.0001 p=2
22:51:07   [125/580] scalzilliaj.com.br AJ_LIST     OK_NO_TOTALS  rows=181  PROSE/PROSE case=5009901-48.2024.8.21.0019 p=5
22:51:08   [126/580] recuperacaojudicial.squarespace.com QGC         OK            rows=335  TABLE/TABLE_RULED case=0720420-24.2018.8.02.0001 p=9
22:51:09   [127/580] cataliseaj.com.br QGC         OK_NO_TOTALS  rows=8    TABLE/TABLE_BANDS case=5045407-81.2020.8.21.0001 p=3
22:51:10   [128/580] diligence.adm.br AJ_LIST     QUARANTINED   rows=304  PROSE/PROSE case=0000880-57.2020.8.17.2001 p=6
22:51:11   [129/580] cataliseaj.com.br QGC         OK_NO_TOTALS  rows=9    TABLE/TABLE_BANDS case=5073632-14.2020.8.21.0001 p=4
22:51:27   [130/580] scalzilliaj.com.br UNKNOWN     NO_TEXT_LAYER rows=0    NONE/ case=0301621-43.2016.8.24.0037 p=4
22:51:29   [131/580] lrflideres.com.br UNKNOWN     OK_NO_TOTALS  rows=122  TABLE/TABLE_RULED case=0062771-12.2013.8.17.0001 p=5
22:51:31   [132/580] recuperacaojudicial.squarespace.com UNKNOWN     OK_NO_TOTALS  rows=0    TABLE/TABLE_BANDS case=0720699-10.2018.8.02.0001 p=5
22:51:31   [133/580] scalzilliaj.com.br UNKNOWN     OK_NO_TOTALS  rows=0    TABLE/TABLE_BANDS case=0301621-43.2016.8.24.0037 p=2
22:51:32   [134/580] cataliseaj.com.br QGC         OK_NO_TOTALS  rows=11   TABLE/TABLE_BANDS case=5006054-94.2026.8.21.0010 p=4
22:51:33   [135/580] scalzilliaj.com.br AJ_LIST     QUARANTINED   rows=49   PROSE/PROSE case=0042540-21.2012.8.21.0022 p=2
22:51:34   [136/580] lrflideres.com.br UNKNOWN     OK_NO_TOTALS  rows=2    TABLE/TABLE_BANDS case=0062771-12.2013.8.17.0001 p=8
22:52:07   [137/580] diligence.adm.br AJ_LIST     QUARANTINED   rows=44   TABLE/TABLE_RULED case=0026172-78.2019.8.17.2001 p=15
22:52:14   [138/580] recuperacaojudicial.squarespace.com AJ_LIST     QUARANTINED   rows=13   PROSE/PROSE case=0720699-10.2018.8.02.0001 p=52
22:52:16   [139/580] cataliseaj.com.br AJ_LIST     OK_NO_TOTALS  rows=14   TABLE/TABLE_BANDS case=5032419-57.2023.8.21.0022 p=6
22:52:17   [140/580] scalzilliaj.com.br QGC         QUARANTINED   rows=33   PROSE/PROSE case=5012295-78.2023.8.24.0019 p=2
Could not get FontBBox from font descriptor because None cannot be parsed as 4 floats
22:52:20   [141/580] cataliseaj.com.br AJ_LIST     OK_NO_TOTALS  rows=2    TABLE/TABLE_BANDS case=5036084-50.2024.8.21.0021 p=9
22:52:22   [142/580] recuperacaojudicial.squarespace.com UNKNOWN     OK_NO_TOTALS  rows=0    TABLE/TABLE_BANDS case=0720699-10.2018.8.02.0001 p=4
22:52:23   [143/580] lrflideres.com.br DEBTOR_LIST OK_NO_TOTALS  rows=1    TABLE/TABLE_BANDS case=0034714-90.2016.8.17.2001 p=4
22:52:24   [144/580] scalzilliaj.com.br AJ_LIST     OK_NO_TOTALS  rows=245  PROSE/PROSE case=0028131-73.2024.8.16.0017 p=2
22:55:38   [145/580] diligence.adm.br AJ_LIST     QUARANTINED   rows=61   TABLE/TABLE_RULED case=0026172-78.2019.8.17.2001 p=27
22:55:39   [146/580] cataliseaj.com.br AJ_LIST     OK_NO_TOTALS  rows=12   TABLE/TABLE_BANDS case=5003861-41.2023.8.21.0001 p=4
22:55:54   [147/580] recuperacaojudicial.squarespace.com QGC         QUARANTINED   rows=22   PROSE/PROSE case=0705411-79.2017.8.02.0058 p=7
22:55:54   [148/580] cataliseaj.com.br UNKNOWN     NO_TEXT_LAYER rows=0    NONE/ case=None p=3
22:56:14   [149/580] scalzilliaj.com.br UNKNOWN     OK            rows=1472 TABLE/TABLE_RULED case=0804074-43.2026.8.12.0002 p=43
22:56:15   [150/580] lrflideres.com.br AJ_LIST     OK            rows=31   TABLE/TABLE_RULED case=0034714-90.2016.8.17.2001 p=6
22:56:16   [151/580] recuperacaojudicial.squarespace.com AJ_LIST     QUARANTINED   rows=18   TABLE/TABLE_RULED case=0705411-79.2017.8.02.0058 p=12
22:56:16   [152/580] diligence.adm.br AJ_LIST     OK_NO_TOTALS  rows=21   TABLE/TABLE_RULED case=0032731-52.2010.8.17.0001 p=8
22:56:18   [153/580] cataliseaj.com.br AJ_LIST     OK_NO_TOTALS  rows=12   TABLE/TABLE_BANDS case=5082193-22.2023.8.21.0001 p=4
22:56:20   [154/580] scalzilliaj.com.br AJ_LIST     OK_NO_TOTALS  rows=5    TABLE/TABLE_BANDS case=5002620-23.2025.8.24.0019 p=5
22:56:28   [155/580] lrflideres.com.br AJ_LIST     OK_NO_TOTALS  rows=1    TABLE/TABLE_BANDS case=0034714-90.2016.8.17.2001 p=3
22:56:32   [156/580] scalzilliaj.com.br UNKNOWN     OK_NO_TOTALS  rows=13   PROSE/PROSE case=1021191-85.2025.8.11.0015 p=11
22:56:33   [157/580] cataliseaj.com.br QGC         OK_NO_TOTALS  rows=10   TABLE/TABLE_BANDS case=5087077-02.2020.8.21.0001 p=4
22:56:34   [158/580] recuperacaojudicial.squarespace.com AJ_LIST     QUARANTINED   rows=3    PROSE/PROSE case=0705411-79.2017.8.02.0058 p=1
22:56:34   [159/580] diligence.adm.br UNKNOWN     OK_NO_TOTALS  rows=17   PROSE/PROSE case=0032731-52.2010.8.17.0001 p=6
22:56:36   [160/580] scalzilliaj.com.br QGC         OK_NO_TOTALS  rows=0    TABLE/TABLE_BANDS case=5038430-81.2024.8.24.0023 p=4
22:56:38   [161/580] recuperacaojudicial.squarespace.com DEBTOR_LIST QUARANTINED   rows=493  PROSE/PROSE case=0700256-03.2019.8.02.0066 p=4
22:56:38   [162/580] lrflideres.com.br AJ_LIST     OK_NO_TOTALS  rows=0    TABLE/TABLE_BANDS case=1001765-57.2024.8.26.0451 p=3
22:57:03   [163/580] cataliseaj.com.br UNKNOWN     NO_TEXT_LAYER rows=0    NONE/ case=5178617-63.2022.8.21.0001 p=8
22:57:06   [164/580] recuperacaojudicial.squarespace.com AJ_LIST     OK_NO_TOTALS  rows=442  TABLE/TABLE_BANDS case=0700256-03.2019.8.02.0066 p=13
22:57:16   [165/580] scalzilliaj.com.br DEBTOR_LIST QUARANTINED   rows=831  TABLE/TABLE_RULED case=0000472-94.2012.5.06.0193 p=93
22:57:18   [166/580] diligence.adm.br UNKNOWN     OK_NO_TOTALS  rows=64   TABLE/TABLE_RULED case=0032731-52.2010.8.17.0001 p=20
22:57:34   [167/580] cataliseaj.com.br UNKNOWN     NO_TEXT_LAYER rows=0    NONE/ case=5297011-58.2024.8.21.0001 p=4
22:57:38   [168/580] recuperacaojudicial.squarespace.com AJ_LIST     OK_NO_TOTALS  rows=570  TABLE/TABLE_RULED case=0700256-03.2019.8.02.0066 p=12
22:57:40   [169/580] lrflideres.com.br UNKNOWN     OK_NO_TOTALS  rows=2    PROSE/PROSE case=0837278-92.2018.8.15.2001 p=13
22:57:40   [170/580] scalzilliaj.com.br UNKNOWN     OK_NO_TOTALS  rows=4    TABLE/TABLE_BANDS case=5088952-81.2025.8.13.0024 p=5
22:57:41   [171/580] diligence.adm.br AJ_LIST     OK_NO_TOTALS  rows=7    PROSE/PROSE case=0009914-62.2008.8.17.0001 p=3
22:57:41   [172/580] scalzilliaj.com.br UNKNOWN     QUARANTINED   rows=48   TABLE/TABLE_RULED case=5011369-81.2026.8.09.0093 p=5
22:57:42   [173/580] recuperacaojudicial.squarespace.com UNKNOWN     QUARANTINED   rows=26   TABLE/TABLE_BANDS case=0700707-87.2025.8.02.0043 p=1
22:57:42   [174/580] cataliseaj.com.br UNKNOWN     NO_TEXT_LAYER rows=0    NONE/ case=5009474-18.2019.8.21.0022 p=150
22:57:49   [175/580] lrflideres.com.br UNKNOWN     OK            rows=753  TABLE/TABLE_RULED case=0837278-92.2018.8.15.2001 p=23
22:57:50   [176/580] scalzilliaj.com.br AJ_LIST     OK_NO_TOTALS  rows=7    TABLE/TABLE_BANDS case=0001021-69.2017.8.21.0126 p=1
22:58:18   [177/580] administradorajudicialgs.com.br AJ_LIST     QUARANTINED   rows=31   PROSE/PROSE case=0000436-69.2024.5.09.0671 p=36
22:58:20   [178/580] diligence.adm.br DEBTOR_LIST OK_NO_TOTALS  rows=125  PROSE/PROSE case=0051989-19.2008.8.17.0001 p=3
22:58:21   [179/580] recuperacaojudicial.squarespace.com DEBTOR_LIST OK_NO_TOTALS  rows=2    TABLE/TABLE_BANDS case=0700707-87.2025.8.02.0043 p=5
22:58:25   [180/580] scalzilliaj.com.br QGC         OK_NO_TOTALS  rows=67   PROSE/PROSE case=1001917-20.2026.8.13.0024 p=5
22:58:26   [181/580] recuperacaojudicial.squarespace.com DEBTOR_LIST OK_NO_TOTALS  rows=5    TABLE/TABLE_BANDS case=0700707-87.2025.8.02.0043 p=3
22:58:28   [182/580] lrflideres.com.br UNKNOWN     OK_NO_TOTALS  rows=1    TABLE/TABLE_BANDS case=0837278-92.2018.8.15.2001 p=12
22:58:52   [183/580] administradorajudicialgs.com.br UNKNOWN     OK_NO_TOTALS  rows=0    TABLE/TABLE_BANDS case=0026395-77.2025.8.16.0019 p=3
22:58:52   [184/580] diligence.adm.br UNKNOWN     OK_NO_TOTALS  rows=1    TABLE/TABLE_BANDS case=0032030-18.2015.8.17.0001 p=9
22:58:55   [185/580] scalzilliaj.com.br AJ_LIST     OK_NO_TOTALS  rows=388  TABLE/TABLE_BANDS case=5008828-91.2023.8.24.0019 p=12
22:58:55   [186/580] cataliseaj.com.br UNKNOWN     NO_TEXT_LAYER rows=0    NONE/ case=5009474-18.2019.8.21.0022 p=148
22:58:57   [187/580] recuperacaojudicial.squarespace.com AJ_LIST     QUARANTINED   rows=10   PROSE/PROSE case=0700707-87.2025.8.02.0043 p=33
